---
- council_reference: X/335/2019
  description: additions and alterations to existing dwelling, detached carport
  date_received: '2019-05-29'
  address: 73 Singles Ridge Road WINMALEE NSW 2777
  date_scraped: '2019-05-15'
  info_url: https://www2.bmcc.nsw.gov.au/DATracking/Pages/XC.Track/SearchApplication.aspx?id=754415
- council_reference: X/362/2019
  description: change of use to a Bed and Breakfast (B&B)
  date_received: '2019-05-29'
  address: Eastcote 20-22 Queens Avenue MOUNT WILSON NSW 2786
  date_scraped: '2019-05-15'
  info_url: https://www2.bmcc.nsw.gov.au/DATracking/Pages/XC.Track/SearchApplication.aspx?id=755184
- council_reference: X/365/2019
  description: a secondary dwelling and carport
  date_received: '2019-05-24'
  address: 16 Tusculum Road VALLEY HEIGHTS NSW 2777
  date_scraped: '2019-05-15'
  info_url: https://www2.bmcc.nsw.gov.au/DATracking/Pages/XC.Track/SearchApplication.aspx?id=755731
- council_reference: X/383/2019
  description: additions and alterations to existing dwelling, carport
  date_received: '2019-05-24'
  address: 20 Clarence Street KATOOMBA NSW 2780
  date_scraped: '2019-05-15'
  info_url: https://www2.bmcc.nsw.gov.au/DATracking/Pages/XC.Track/SearchApplication.aspx?id=756652
- council_reference: X/395/2019
  description: above ground swimming pool
  date_received: '2019-05-28'
  address: 59 Stuarts Road KATOOMBA NSW 2780
  date_scraped: '2019-05-15'
  info_url: https://www2.bmcc.nsw.gov.au/DATracking/Pages/XC.Track/SearchApplication.aspx?id=756963
- council_reference: X/400/2019
  description: demolition of existing structures and construction of three industrial
    units
  date_received: '2019-05-28'
  address: 25 Mistral Street KATOOMBA NSW 2780
  date_scraped: '2019-05-15'
  info_url: https://www2.bmcc.nsw.gov.au/DATracking/Pages/XC.Track/SearchApplication.aspx?id=756868
- council_reference: X/406/2019
  description: alterations and additions to existing dwelling and an inground pool
  date_received: '2019-05-24'
  address: 1A Woodford Avenue WOODFORD NSW 2778
  date_scraped: '2019-05-15'
  info_url: https://www2.bmcc.nsw.gov.au/DATracking/Pages/XC.Track/SearchApplication.aspx?id=757186
- council_reference: X/407/2019
  description: a detached studio and a solid fuel heater
  date_received: '2019-05-24'
  address: 179-181 Hat Hill Road BLACKHEATH NSW 2785
  date_scraped: '2019-05-15'
  info_url: https://www2.bmcc.nsw.gov.au/DATracking/Pages/XC.Track/SearchApplication.aspx?id=757337
- council_reference: X/411/2019
  description: alterations and additions to the dwelling, a shed, and a carport
  date_received: '2019-05-26'
  address: 54 Kalinda Road BULLABURRA NSW 2784
  date_scraped: '2019-05-15'
  info_url: https://www2.bmcc.nsw.gov.au/DATracking/Pages/XC.Track/SearchApplication.aspx?id=757445
- council_reference: X/413/2019
  description: garage
  date_received: '2019-05-29'
  address: 1 Germaine Avenue MOUNT RIVERVIEW NSW 2774
  date_scraped: '2019-05-15'
  info_url: https://www2.bmcc.nsw.gov.au/DATracking/Pages/XC.Track/SearchApplication.aspx?id=757488
- council_reference: X/418/2019
  description: a spa and part demolition of verandah
  date_received: '2019-05-27'
  address: 810 Hawkesbury Road HAWKESBURY HEIGHTS NSW 2777
  date_scraped: '2019-05-15'
  info_url: https://www2.bmcc.nsw.gov.au/DATracking/Pages/XC.Track/SearchApplication.aspx?id=757569
- council_reference: X/419/2019
  description: a new shed, driveway and a rainwater tank
  date_received: '2019-05-30'
  address: 61 Paterson Road SPRINGWOOD NSW 2777
  date_scraped: '2019-05-15'
  info_url: https://www2.bmcc.nsw.gov.au/DATracking/Pages/XC.Track/SearchApplication.aspx?id=757641
- council_reference: X/423/2019
  description: a deck, pergola and garage
  date_received: '2019-05-24'
  address: 27 Raymond Road SPRINGWOOD NSW 2777
  date_scraped: '2019-05-15'
  info_url: https://www2.bmcc.nsw.gov.au/DATracking/Pages/XC.Track/SearchApplication.aspx?id=758392
- council_reference: X/426/2019
  description: additions and alterations to the dwelling, and a carport
  date_received: '2019-06-03'
  address: 49 Great Western Highway BLAXLAND NSW 2774
  date_scraped: '2019-05-15'
  info_url: https://www2.bmcc.nsw.gov.au/DATracking/Pages/XC.Track/SearchApplication.aspx?id=758523
- council_reference: X/427/2019
  description: a new studio and garage, decks, solid fuel heater and retaining wall
  date_received: '2019-05-25'
  address: 9-19 Henderson Road WENTWORTH FALLS NSW 2782
  date_scraped: '2019-05-15'
  info_url: https://www2.bmcc.nsw.gov.au/DATracking/Pages/XC.Track/SearchApplication.aspx?id=758007
- council_reference: X/428/2019
  description: a carport - X/1028/2018
  date_received: '2019-05-27'
  address: 204 Hawkesbury Road WINMALEE NSW 2777
  date_scraped: '2019-05-15'
  info_url: https://www2.bmcc.nsw.gov.au/DATracking/Pages/XC.Track/SearchApplication.aspx?id=758656
- council_reference: X/429/2019
  description: inground swimming pool
  date_received: '2019-05-28'
  address: 77 Levy Street GLENBROOK NSW 2773
  date_scraped: '2019-05-15'
  info_url: https://www2.bmcc.nsw.gov.au/DATracking/Pages/XC.Track/SearchApplication.aspx?id=758726
- council_reference: X/431/2019
  description: a swimming pool
  date_received: '2019-05-29'
  address: 71 Buena Vista Road WINMALEE NSW 2777
  date_scraped: '2019-05-15'
  info_url: https://www2.bmcc.nsw.gov.au/DATracking/Pages/XC.Track/SearchApplication.aspx?id=758836
- council_reference: X/433/2019
  description: a secondary dwelling
  date_received: '2019-05-31'
  address: 87 Fitzgerald Street KATOOMBA NSW 2780
  date_scraped: '2019-05-15'
  info_url: https://www2.bmcc.nsw.gov.au/DATracking/Pages/XC.Track/SearchApplication.aspx?id=757914
- council_reference: X/434/2019
  description: alterations and additions to the dwelling - X/12/2019
  date_received: '2019-05-28'
  address: 42 Kalinda Road BULLABURRA NSW 2784
  date_scraped: '2019-05-15'
  info_url: https://www2.bmcc.nsw.gov.au/DATracking/Pages/XC.Track/SearchApplication.aspx?id=759032
- council_reference: X/435/2019
  description: Telecommunication facility - Telstra 40m monopole with Head frame,
    Panel antennas with TMAs/ ancillary equipments and cabling to equipment shelter
    on ground
  date_received: '2019-05-28'
  address: Yamboon Park 373 Peach Tree Road MEGALONG VALLEY NSW 2785
  date_scraped: '2019-05-15'
  info_url: https://www2.bmcc.nsw.gov.au/DATracking/Pages/XC.Track/SearchApplication.aspx?id=759143
- council_reference: X/436/2019
  description: internal alterations and additions to Springwood Anglican Church
  date_received: '2019-05-31'
  address: 28-30 Lawson Road SPRINGWOOD NSW 2777
  date_scraped: '2019-05-15'
  info_url: https://www2.bmcc.nsw.gov.au/DATracking/Pages/XC.Track/SearchApplication.aspx?id=758148
- council_reference: X/437/2019
  description: dwelling alterations - reroofing
  date_received: '2019-05-31'
  address: 5 Skyline Road MOUNT TOMAH NSW 2758
  date_scraped: '2019-05-15'
  info_url: https://www2.bmcc.nsw.gov.au/DATracking/Pages/XC.Track/SearchApplication.aspx?id=759319
- council_reference: X/439/2019
  description: a secondary dwelling - X/199/2019
  date_received: '2019-05-29'
  address: 3 Boronia Road WENTWORTH FALLS NSW 2782
  date_scraped: '2019-05-15'
  info_url: https://www2.bmcc.nsw.gov.au/DATracking/Pages/XC.Track/SearchApplication.aspx?id=759350
- council_reference: X/444/2019
  description: a deck and patio cover
  date_received: '2019-05-30'
  address: 12 Chaucer Place WINMALEE NSW 2777
  date_scraped: '2019-05-15'
  info_url: https://www2.bmcc.nsw.gov.au/DATracking/Pages/XC.Track/SearchApplication.aspx?id=758881
- council_reference: X/446/2019
  description: a deck and retaining wall
  date_received: '2019-05-31'
  address: 28 Moray Street WINMALEE NSW 2777
  date_scraped: '2019-05-15'
  info_url: https://www2.bmcc.nsw.gov.au/DATracking/Pages/XC.Track/SearchApplication.aspx?id=759761
- council_reference: X/447/2019
  description: new single storey, split level dwelling with attached double garage
    - X/912/2018
  date_received: '2019-05-30'
  address: 31 Third Avenue KATOOMBA NSW 2780
  date_scraped: '2019-05-15'
  info_url: https://www2.bmcc.nsw.gov.au/DATracking/Pages/XC.Track/SearchApplication.aspx?id=759771
- council_reference: X/448/2019
  description: a two storey dwelling, carport, shed, deck, retaining wall, water tank
    and solid fuel heater on Lot 34
  date_received: '2019-06-03'
  address: 9 Winston Street LEURA NSW 2780
  date_scraped: '2019-05-15'
  info_url: https://www2.bmcc.nsw.gov.au/DATracking/Pages/XC.Track/SearchApplication.aspx?id=759213
- council_reference: X/450/2019
  description: a swimming pool
  date_received: '2019-05-31'
  address: 38 Ravine Avenue BLAXLAND NSW 2774
  date_scraped: '2019-05-15'
  info_url: https://www2.bmcc.nsw.gov.au/DATracking/Pages/XC.Track/SearchApplication.aspx?id=759256
- council_reference: X/451/2019
  description: a carport - X/23/2019
  date_received: '2019-05-31'
  address: 512 Great Western Highway FAULCONBRIDGE NSW 2776
  date_scraped: '2019-05-15'
  info_url: https://www2.bmcc.nsw.gov.au/DATracking/Pages/XC.Track/SearchApplication.aspx?id=759812
- council_reference: X/452/2019
  description: a carport to the front of the dwelling - X/217/2019
  date_received: '2019-05-31'
  address: 68 Douglas Street SPRINGWOOD NSW 2777
  date_scraped: '2019-05-15'
  info_url: https://www2.bmcc.nsw.gov.au/DATracking/Pages/XC.Track/SearchApplication.aspx?id=759892
- council_reference: X/453/2019
  description: additions and alterations, a carport and a solid fuel heater
  date_received: '2019-06-05'
  address: 11 Langford Road WENTWORTH FALLS NSW 2782
  date_scraped: '2019-05-15'
  info_url: https://www2.bmcc.nsw.gov.au/DATracking/Pages/XC.Track/SearchApplication.aspx?id=759550
- council_reference: X/462/2019
  description: new dwelling - X/1030/2018
  date_received: '2019-06-05'
  address: 2A Kings Road LEURA NSW 2780
  date_scraped: '2019-05-15'
  info_url: https://www2.bmcc.nsw.gov.au/DATracking/Pages/XC.Track/SearchApplication.aspx?id=760346
- council_reference: X/464/2019
  description: additions and alterations to the dwelling - DA X/134/2019
  date_received: '2019-06-06'
  address: 42 Florabella Street WARRIMOO NSW 2774
  date_scraped: '2019-05-15'
  info_url: https://www2.bmcc.nsw.gov.au/DATracking/Pages/XC.Track/SearchApplication.aspx?id=760428
- council_reference: X/468/2019
  description: alterations and additions to the dwelling and a detached carport -
    X/605/2018 - CC Only
  date_received: '2019-06-06'
  address: 82 Grose Road FAULCONBRIDGE NSW 2776
  date_scraped: '2019-05-15'
  info_url: https://www2.bmcc.nsw.gov.au/DATracking/Pages/XC.Track/SearchApplication.aspx?id=760641
- council_reference: XC/318/2018/A
  description: a deck and awning - as modified
  date_received: '2019-06-07'
  address: 81 Rusden Road MOUNT RIVERVIEW NSW 2774
  date_scraped: '2019-05-15'
  info_url: https://www2.bmcc.nsw.gov.au/DATracking/Pages/XC.Track/SearchApplication.aspx?id=760682
- council_reference: XC/454/2008/B
  description: conversion of a railway carriage to dwelling and erection of a carport
    - X/483/2007 - as modified
  date_received: '2019-05-29'
  address: 24 Gladstan Avenue KATOOMBA NSW 2780
  date_scraped: '2019-05-15'
  info_url: https://www2.bmcc.nsw.gov.au/DATracking/Pages/XC.Track/SearchApplication.aspx?id=759420
- council_reference: XM/1096/2015/B
  description: two dual occupancies, a boundary adjustment and the subdivision of
    each lot into two lots - as modified
  date_received: '2019-05-27'
  address: 19 Rosedale Avenue HAZELBROOK NSW 2779
  date_scraped: '2019-05-15'
  info_url: https://www2.bmcc.nsw.gov.au/DATracking/Pages/XC.Track/SearchApplication.aspx?id=758676
- council_reference: XM/212/2019/A
  description: change of use of retail to office - as modified
  date_received: '2019-05-28'
  address: 64 Govetts Leap Road BLACKHEATH NSW 2785
  date_scraped: '2019-05-15'
  info_url: https://www2.bmcc.nsw.gov.au/DATracking/Pages/XC.Track/SearchApplication.aspx?id=759163
- council_reference: XM/28/2018/A
  description: a secondary dwelling - as modified
  date_received: '2019-06-06'
  address: 28 Dixon Road MOUNT RIVERVIEW NSW 2774
  date_scraped: '2019-05-15'
  info_url: https://www2.bmcc.nsw.gov.au/DATracking/Pages/XC.Track/SearchApplication.aspx?id=760397
- council_reference: XM/460/2018/B
  description: new manufactured home - as modified to delete condition
  date_received: '2019-05-28'
  address: 1-3 Yondell Avenue SPRINGWOOD NSW 2777
  date_scraped: '2019-05-15'
  info_url: https://www2.bmcc.nsw.gov.au/DATracking/Pages/XC.Track/SearchApplication.aspx?id=759173
- council_reference: XM/577/2016/A
  description: two x two storey buildings to form a single dwelling and a solid fuel
    heater - as modified
  date_received: '2019-05-28'
  address: 110 Mount Street LEURA NSW 2780
  date_scraped: '2019-05-15'
  info_url: https://www2.bmcc.nsw.gov.au/DATracking/Pages/XC.Track/SearchApplication.aspx?id=759052
