---
- council_reference: PCon20/0180
  description: Partial demolition and construction of alterations and additions, including
    a front fence to existing dwelling in a Heritage Overlay
  date_received: '2020-07-01'
  address: 25 Fitzwilliam Street, KEW VIC 3101
  date_scraped: '2019-05-15'
  info_url: https://eservices.boroondara.vic.gov.au/EPlanning/Pages/XC.Track/SearchApplication.aspx?id=710110
- council_reference: PCon20/0181
  description: "(Landscape Plan for Endorsement) Construction of two (2) dwellings
    on a lot"
  date_received: '2020-07-03'
  address: 13 Baird Street, ASHBURTON VIC 3147
  date_scraped: '2019-05-15'
  info_url: https://eservices.boroondara.vic.gov.au/EPlanning/Pages/XC.Track/SearchApplication.aspx?id=710561
- council_reference: PCon20/0182
  description: Partial demolition and construction of alterations and additions to
    an existing dwelling in a Heritage Overlay and a lot less than 500 square metres
  date_received: '2020-07-03'
  address: 18 Aberdeen Street, HAWTHORN EAST VIC 3123
  date_scraped: '2019-05-15'
  info_url: https://eservices.boroondara.vic.gov.au/EPlanning/Pages/XC.Track/SearchApplication.aspx?id=710579
- council_reference: PEOT20/0136
  description: "(EOT)Use of part of the site for medical centre and dwelling within
    a Heritage Overlay and Public Acquisition Overlay, and reduction in the car parking
    requirement"
  date_received: '2020-07-01'
  address: 832 Burke Road, CAMBERWELL VIC 3124
  date_scraped: '2019-05-15'
  info_url: https://eservices.boroondara.vic.gov.au/EPlanning/Pages/XC.Track/SearchApplication.aspx?id=709988
- council_reference: PEOT20/0138
  description: "(Extension of time) Construction of five (5) dwellings on a lot"
  date_received: '2020-07-06'
  address: 6 Gilmour Road, CAMBERWELL VIC 3124
  date_scraped: '2019-05-15'
  info_url: https://eservices.boroondara.vic.gov.au/EPlanning/Pages/XC.Track/SearchApplication.aspx?id=710755
- council_reference: PP17/00856.01
  description: Use of part of the land for a liquor license (packaged liquor) associated
    with an existing shop.
  date_received: '2020-07-03'
  address: 493 Burwood Road, HAWTHORN VIC 3122
  date_scraped: '2019-05-15'
  info_url: https://eservices.boroondara.vic.gov.au/EPlanning/Pages/XC.Track/SearchApplication.aspx?id=710592
- council_reference: PP17/01155.03
  description: Part demolition and construct alterations and additions to an existing
    dwelling in a Heritage Overlay
  date_received: '2020-07-29'
  address: 19 Walsh Street, DEEPDENE VIC 3103
  date_scraped: '2019-05-15'
  info_url: https://eservices.boroondara.vic.gov.au/EPlanning/Pages/XC.Track/SearchApplication.aspx?id=710342
- council_reference: PP17/01219.01
  description: Construction of a new dwelling on a lot under 500 square metres.
  date_received: '2020-07-03'
  address: 110 Summerhill Road, GLEN IRIS VIC 3146
  date_scraped: '2019-05-15'
  info_url: https://eservices.boroondara.vic.gov.au/EPlanning/Pages/XC.Track/SearchApplication.aspx?id=710542
- council_reference: PP17/01244.01
  description: Construction of three (3) dwellings on a lot
  date_received: '2020-07-06'
  address: 6 Leicester Street, BALWYN NORTH VIC 3104
  date_scraped: '2019-05-15'
  info_url: https://eservices.boroondara.vic.gov.au/EPlanning/Pages/XC.Track/SearchApplication.aspx?id=710646
- council_reference: PP18/00060.01
  description: Construction of a new dwelling, front fence and driveway in a Heritage
    Overlay
  date_received: '2020-07-02'
  address: 23 Derby Street, CAMBERWELL VIC 3124
  date_scraped: '2019-05-15'
  info_url: https://eservices.boroondara.vic.gov.au/EPlanning/Pages/XC.Track/SearchApplication.aspx?id=710391
- council_reference: PP18/00339.01
  description: Construction of eight (8) dwellings and alteration of access to a Road
    Zone (Category 1)
  date_received: '2020-07-02'
  address: 1309 Toorak Road, CAMBERWELL VIC 3124
  date_scraped: '2019-05-15'
  info_url: https://eservices.boroondara.vic.gov.au/EPlanning/Pages/XC.Track/SearchApplication.aspx?id=710459
- council_reference: PP18/00439.01
  description: Construction of an extension associated with an existing dwelling on
    a lot less than 500 square metres in a Special Building Overlay.
  date_received: '2020-07-03'
  address: 23 York Street, HAWTHORN VIC 3122
  date_scraped: '2019-05-15'
  info_url: https://eservices.boroondara.vic.gov.au/EPlanning/Pages/XC.Track/SearchApplication.aspx?id=710370
- council_reference: PP19/00137.02
  description: Part demolition and construction of alterations and additions to existing
    dwelling in a Heritage Overlay
  date_received: '2020-07-02'
  address: 63 Broadway, CAMBERWELL VIC 3124
  date_scraped: '2019-05-15'
  info_url: https://eservices.boroondara.vic.gov.au/EPlanning/Pages/XC.Track/SearchApplication.aspx?id=710397
- council_reference: PP19/0916.01
  description: "(Section 72 Amendment) - Construction of a building (front fence)
    associated with a dwelling on a lot under 500 square metres"
  date_received: '2020-07-06'
  address: 1 / 6 Blackburn Street, SURREY HILLS VIC 3127
  date_scraped: '2019-05-15'
  info_url: https://eservices.boroondara.vic.gov.au/EPlanning/Pages/XC.Track/SearchApplication.aspx?id=710742
- council_reference: PP20/0562
  description: "(VicSmart) Construction of a front fence on a lot less than 500 square
    metres."
  date_received: '2020-07-01'
  address: 1 / 19 Kalang Road, CAMBERWELL VIC 3124
  date_scraped: '2019-05-15'
  info_url: https://eservices.boroondara.vic.gov.au/EPlanning/Pages/XC.Track/SearchApplication.aspx?id=710084
- council_reference: PP20/0563
  description: Buildings and works associated with the construction of a new dwelling
    in a Heritage Overlay
  date_received: '2020-07-01'
  address: 20 Moorhouse Street, CAMBERWELL VIC 3124
  date_scraped: '2019-05-15'
  info_url: https://eservices.boroondara.vic.gov.au/EPlanning/Pages/XC.Track/SearchApplication.aspx?id=710132
- council_reference: PP20/0566
  description: "(VicSmart) Subdivision of land into two (2) lots in accordance with
    the previously approved development permit (Spear Ref: S160554C)"
  date_received: '2020-07-02'
  address: 9 Byron Street, CANTERBURY VIC 3126
  date_scraped: '2019-05-15'
  info_url: https://eservices.boroondara.vic.gov.au/EPlanning/Pages/XC.Track/SearchApplication.aspx?id=710267
- council_reference: PP20/0567
  description: Use of the land for the sale and consumption of liquor associated with
    a food and drink premises
  date_received: '2020-07-01'
  address: 149 Union Road, SURREY HILLS VIC 3127
  date_scraped: '2019-05-15'
  info_url: https://eservices.boroondara.vic.gov.au/EPlanning/Pages/XC.Track/SearchApplication.aspx?id=710404
- council_reference: PP20/0568
  description: Lop vegetation (significant tree) on land affected by a Vegetation
    Protection Overlay.
  date_received: '2020-07-02'
  address: 1 Wiltshire Drive, KEW VIC 3101
  date_scraped: '2019-05-15'
  info_url: https://eservices.boroondara.vic.gov.au/EPlanning/Pages/XC.Track/SearchApplication.aspx?id=710474
- council_reference: PP20/0569
  description: Demolition and construction of a new dwelling and front fence in a
    Heritage Overlay, Special Building Overlay and on a lot under 500 square metres
  date_received: '2020-07-02'
  address: 76 Edgevale Road, KEW VIC 3101
  date_scraped: '2019-05-15'
  info_url: https://eservices.boroondara.vic.gov.au/EPlanning/Pages/XC.Track/SearchApplication.aspx?id=710527
- council_reference: PP20/0570
  description: Construction of a dwelling in a Heritage Overlay
  date_received: '2020-07-06'
  address: 6 Grange Road, KEW VIC 3101
  date_scraped: '2019-05-15'
  info_url: https://eservices.boroondara.vic.gov.au/EPlanning/Pages/XC.Track/SearchApplication.aspx?id=710660
- council_reference: PP20/0571
  description: Construction of alterations and additions to a dwelling on a lot less
    than 500 square metres.
  date_received: '2020-07-06'
  address: 90 Brougham Street, KEW VIC 3101
  date_scraped: '2019-05-15'
  info_url: https://eservices.boroondara.vic.gov.au/EPlanning/Pages/XC.Track/SearchApplication.aspx?id=710674
- council_reference: PP20/0572
  description: Partial demolition and alterations and additions to an existing dwelling
    in a Heritage Overlay.
  date_received: '2020-07-06'
  address: 2 Lorne Road, HAWTHORN EAST VIC 3123
  date_scraped: '2019-05-15'
  info_url: https://eservices.boroondara.vic.gov.au/EPlanning/Pages/XC.Track/SearchApplication.aspx?id=710692
- council_reference: PP20/0573
  description: "(VicSmart) Construction of Building and Works (Pergola on deck) associated
    with a Single Dwelling"
  date_received: '2020-07-07'
  address: 64 Alamein Avenue, ASHBURTON VIC 3147
  date_scraped: '2019-05-15'
  info_url: https://eservices.boroondara.vic.gov.au/EPlanning/Pages/XC.Track/SearchApplication.aspx?id=710749
- council_reference: PP20/0574
  description: Construction of a carport within a Heritage Overlay
  date_received: '2020-07-07'
  address: 4 Acacia Street, CAMBERWELL VIC 3124
  date_scraped: '2019-05-15'
  info_url: https://eservices.boroondara.vic.gov.au/EPlanning/Pages/XC.Track/SearchApplication.aspx?id=710854
- council_reference: PP20/0575
  description: Construction of three dwellings on a lot
  date_received: '2020-07-07'
  address: 22 Ruby Street, BALWYN VIC 3103
  date_scraped: '2019-05-15'
  info_url: https://eservices.boroondara.vic.gov.au/EPlanning/Pages/XC.Track/SearchApplication.aspx?id=710861
- council_reference: PP20/0576
  description: Partial demolition and construction of alterations and additions in
    a Heritage Overlay
  date_received: '2020-07-07'
  address: 42 Warrigal Road, SURREY HILLS VIC 3127
  date_scraped: '2019-05-15'
  info_url: https://eservices.boroondara.vic.gov.au/EPlanning/Pages/XC.Track/SearchApplication.aspx?id=710889
- council_reference: PSec20/0140
  description: Partial demolition and construction of alterations and additions to
    existing dwelling in a Heritage Overlay
  date_received: '2020-07-01'
  address: 3 Mary Street, HAWTHORN VIC 3122
  date_scraped: '2019-05-15'
  info_url: https://eservices.boroondara.vic.gov.au/EPlanning/Pages/XC.Track/SearchApplication.aspx?id=710105
- council_reference: PSec20/0141
  description: Partial demolition and construction of alterations and additions to
    an existing dwelling in a Heritage Overlay and on a lot less than 500 square metres
  date_received: '2020-07-01'
  address: 5 Elm Street, HAWTHORN VIC 3122
  date_scraped: '2019-05-15'
  info_url: https://eservices.boroondara.vic.gov.au/EPlanning/Pages/XC.Track/SearchApplication.aspx?id=710209
- council_reference: PSec20/0142
  description: Use and development of a part eight, part nine storey building for
    the purposes of a mixed use development comprising ground floor  retail premises
    and 39 residential apartments above, a waiver of the standard car parking requirements
    and waiver of the standard loading and unloading requirements.
  date_received: '2020-07-02'
  address: 382 Burwood Road, HAWTHORN VIC 3122
  date_scraped: '2019-05-15'
  info_url: https://eservices.boroondara.vic.gov.au/EPlanning/Pages/XC.Track/SearchApplication.aspx?id=710356
- council_reference: PSec20/0143
  description: Extension to a dwelling and construction of a front fence on a lot
    less than 500 square metres.
  date_received: '2020-07-06'
  address: 394 Auburn Road, HAWTHORN VIC 3122
  date_scraped: '2019-05-15'
  info_url: https://eservices.boroondara.vic.gov.au/EPlanning/Pages/XC.Track/SearchApplication.aspx?id=710586
- council_reference: PSec20/0144
  description: "(Secondary Consent) Construction of three dwellings on a lot"
  date_received: '2020-07-07'
  address: 30 Abbott Street, BALWYN NORTH VIC 3104
  date_scraped: '2019-05-15'
  info_url: https://eservices.boroondara.vic.gov.au/EPlanning/Pages/XC.Track/SearchApplication.aspx?id=710877
