---
- council_reference: DA2019/0147
  description: Demolition of existing structures and construction of a new attached
    two storey dual occupancy
  date_received: '2019-05-27'
  address: 20 Boronia Street, CONCORD WEST NSW 2138
  date_scraped: '2019-05-15'
  info_url: http://datracking.canadabay.nsw.gov.au/Pages/XC.Track/SearchApplication.aspx?id=319043
- council_reference: DA2019/0148
  description: Pruning of trees in a conservation area
  date_received: '2019-05-27'
  address: 31 Iandra Street, CONCORD WEST NSW 2138
  date_scraped: '2019-05-15'
  info_url: http://datracking.canadabay.nsw.gov.au/Pages/XC.Track/SearchApplication.aspx?id=319135
- council_reference: DA2019/0149
  description: Construction of new access steps adjacent to eastern boundary of the
    site
  date_received: '2019-05-28'
  address: 66 Barnstaple Road, RODD POINT NSW 2046
  date_scraped: '2019-05-15'
  info_url: http://datracking.canadabay.nsw.gov.au/Pages/XC.Track/SearchApplication.aspx?id=319304
- council_reference: DA2019/0150
  description: Alterations and additions to rear of existing dwelling
  date_received: '2019-05-29'
  address: 12 Myall Street, CONCORD WEST NSW 2138
  date_scraped: '2019-05-15'
  info_url: http://datracking.canadabay.nsw.gov.au/Pages/XC.Track/SearchApplication.aspx?id=319525
- council_reference: DA2019/0151
  description: Construction of a swimming pool and associated works
  date_received: '2019-05-30'
  address: 145 Peninsula Drive, BREAKFAST POINT NSW 2137
  date_scraped: '2019-05-15'
  info_url: http://datracking.canadabay.nsw.gov.au/Pages/XC.Track/SearchApplication.aspx?id=319862
- council_reference: DA2019/0152
  description: Removal of a tree
  date_received: '2019-05-31'
  address: 17 Gears Avenue, DRUMMOYNE NSW 2047
  date_scraped: '2019-05-15'
  info_url: http://datracking.canadabay.nsw.gov.au/Pages/XC.Track/SearchApplication.aspx?id=319941
- council_reference: DA2019/0153
  description: Two storey addition to rear of existing dwelling
  date_received: '2019-05-31'
  address: 12 Plunkett Street, DRUMMOYNE NSW 2047
  date_scraped: '2019-05-15'
  info_url: http://datracking.canadabay.nsw.gov.au/Pages/XC.Track/SearchApplication.aspx?id=319994
- council_reference: DA2019/0154
  description: Fitout for Jiu Jitsu shop
  date_received: '2019-05-31'
  address: 1 - 11 George Street, NORTH STRATHFIELD NSW 2137
  date_scraped: '2019-05-15'
  info_url: http://datracking.canadabay.nsw.gov.au/Pages/XC.Track/SearchApplication.aspx?id=320059
- council_reference: DA2019/0155
  description: Complete construction of new rear detached  dwelling and construction
    of a new two storey dwelling to match existing dwelling footprint
  date_received: '2019-05-31'
  address: 394 Concord Road, CONCORD WEST NSW 2138
  date_scraped: '2019-05-15'
  info_url: http://datracking.canadabay.nsw.gov.au/Pages/XC.Track/SearchApplication.aspx?id=320086
- council_reference: DA2019/0156
  description: Tree pruning
  date_received: '2019-06-03'
  address: 81 Formosa Street, DRUMMOYNE NSW 2047
  date_scraped: '2019-05-15'
  info_url: http://datracking.canadabay.nsw.gov.au/Pages/XC.Track/SearchApplication.aspx?id=320178
- council_reference: DA2019/0157
  description: Strata Subdivision into two allotments
  date_received: '2019-06-03'
  address: 12 Russell Street, RUSSELL LEA NSW 2046
  date_scraped: '2019-05-15'
  info_url: http://datracking.canadabay.nsw.gov.au/Pages/XC.Track/SearchApplication.aspx?id=320288
- council_reference: DA2019/0158
  description: Alterations and additions to existing dwelling and new carport
  date_received: '2019-06-04'
  address: 68 Wilga Street, CONCORD WEST NSW 2138
  date_scraped: '2019-05-15'
  info_url: http://datracking.canadabay.nsw.gov.au/Pages/XC.Track/SearchApplication.aspx?id=320407
- council_reference: DA2019/0159
  description: Demolition of existing garage and construction of a new garage, pool
    and deck at rear of dwelling and new driveway crossing with handstand parking
    at front of property
  date_received: '2019-06-05'
  address: 2 Byrne Avenue, DRUMMOYNE NSW 2047
  date_scraped: '2019-05-15'
  info_url: http://datracking.canadabay.nsw.gov.au/Pages/XC.Track/SearchApplication.aspx?id=320674
- council_reference: DA2019/0160
  description: Demolition of existing structures and construction of new residential
    flat buildings
  date_received: '2019-06-05'
  address: 2 Rothwell Avenue, CONCORD WEST NSW 2138
  date_scraped: '2019-05-15'
  info_url: http://datracking.canadabay.nsw.gov.au/Pages/XC.Track/SearchApplication.aspx?id=320718
- council_reference: DA2019/0161
  description: Development Application - Residential - Alterations and Additions -
    Dwelling Extensions
  date_received: '2019-06-05'
  address: 9 Myall Street, CONCORD WEST NSW 2138
  date_scraped: '2019-05-15'
  info_url: http://datracking.canadabay.nsw.gov.au/Pages/XC.Track/SearchApplication.aspx?id=320753
- council_reference: DA2019/0162
  description: Development Application - Commercial - Retail - Office - Alterations/Additions,
    Shop/Office Fitout
  date_received: '2019-06-06'
  address: 10 Walker Street, RHODES NSW 2138
  date_scraped: '2019-05-15'
  info_url: http://datracking.canadabay.nsw.gov.au/Pages/XC.Track/SearchApplication.aspx?id=320940
- council_reference: DA2019/0163
  description: Development Application - Residential  - Single Dwelling
  date_received: '2019-06-07'
  address: 34 Mcgrath Avenue, FIVE DOCK NSW 2046
  date_scraped: '2019-05-15'
  info_url: http://datracking.canadabay.nsw.gov.au/Pages/XC.Track/SearchApplication.aspx?id=321093
- council_reference: DA2019/0164
  description: Development Application - Commercial - Retail - Office - Business
  date_received: '2019-06-07'
  address: 130 Tennyson Road, MORTLAKE NSW 2137
  date_scraped: '2019-05-15'
  info_url: http://datracking.canadabay.nsw.gov.au/Pages/XC.Track/SearchApplication.aspx?id=321113
- council_reference: DA2019/0165
  description: Development Application - Residential  - Single Dwelling
  date_received: '2019-06-07'
  address: 5 Elizabeth Street, FIVE DOCK NSW 2046
  date_scraped: '2019-05-15'
  info_url: http://datracking.canadabay.nsw.gov.au/Pages/XC.Track/SearchApplication.aspx?id=321143
