---
- council_reference: BA19/00543
  description: Uncertified building permit - Amendment to BA19/00075 (Footing Detail)
  date_received: '2019-05-27'
  address: 13 Jarrah Grove, GOSNELLS WA 6110
  date_scraped: '2019-05-15'
  info_url: http://apps.gosnells.wa.gov.au/ICON/Pages/XC.Track/SearchApplication.aspx?id=579884
- council_reference: BA19/00544
  description: Certified building permit - Patio
  date_received: '2019-05-28'
  address: 52 A River Avenue, MADDINGTON WA 6109
  date_scraped: '2019-05-15'
  info_url: http://apps.gosnells.wa.gov.au/ICON/Pages/XC.Track/SearchApplication.aspx?id=579986
- council_reference: BA19/00545
  description: Uncertified building permit - Spa Barrier
  date_received: '2019-05-27'
  address: 20 Waterview Parade, SOUTHERN RIVER WA 6110
  date_scraped: '2019-05-15'
  info_url: http://apps.gosnells.wa.gov.au/ICON/Pages/XC.Track/SearchApplication.aspx?id=579993
- council_reference: BA19/00546
  description: Certified building permit - Shed
  date_received: '2019-05-27'
  address: 1 Clarice Court, LANGFORD WA 6147
  date_scraped: '2019-05-15'
  info_url: http://apps.gosnells.wa.gov.au/ICON/Pages/XC.Track/SearchApplication.aspx?id=579995
- council_reference: BA19/00547
  description: Certified building permit - Patio Enclosure
  date_received: '2019-05-27'
  address: 39 Prescott Drive, GOSNELLS WA 6110
  date_scraped: '2019-05-15'
  info_url: http://apps.gosnells.wa.gov.au/ICON/Pages/XC.Track/SearchApplication.aspx?id=580010
- council_reference: BA19/00548
  description: Certified building permit - Pylon Sign Relocation and New Crossover
  date_received: '2019-05-27'
  address: 1914 Albany Highway, MADDINGTON WA 6109
  date_scraped: '2019-05-15'
  info_url: http://apps.gosnells.wa.gov.au/ICON/Pages/XC.Track/SearchApplication.aspx?id=580021
- council_reference: BA19/00549
  description: Uncertified building permit - Patio
  date_received: '2019-05-27'
  address: 12 Belfast Close, CANNING VALE WA 6155
  date_scraped: '2019-05-15'
  info_url: http://apps.gosnells.wa.gov.au/ICON/Pages/XC.Track/SearchApplication.aspx?id=580027
- council_reference: BA19/00550
  description: Certified building permit - Patio
  date_received: '2019-05-28'
  address: 69 Valcan Road, ORANGE GROVE WA 6109
  date_scraped: '2019-05-15'
  info_url: http://apps.gosnells.wa.gov.au/ICON/Pages/XC.Track/SearchApplication.aspx?id=580056
- council_reference: BA19/00551
  description: Certified building permit - Patio
  date_received: '2019-05-28'
  address: 38 Graveney Way, MADDINGTON WA 6109
  date_scraped: '2019-05-15'
  info_url: http://apps.gosnells.wa.gov.au/ICON/Pages/XC.Track/SearchApplication.aspx?id=580059
- council_reference: BA19/00552
  description: Uncertified building permit - Completion of Works to Ancillary Accommodation
  date_received: '2019-05-28'
  address: 21 Birchington Street, BECKENHAM WA 6107
  date_scraped: '2019-05-15'
  info_url: http://apps.gosnells.wa.gov.au/ICON/Pages/XC.Track/SearchApplication.aspx?id=580097
- council_reference: BA19/00553
  description: Certified building permit - Patio
  date_received: '2019-05-29'
  address: 13 Spruce Place, THORNLIE WA 6108
  date_scraped: '2019-05-15'
  info_url: http://apps.gosnells.wa.gov.au/ICON/Pages/XC.Track/SearchApplication.aspx?id=580127
- council_reference: BA19/00554
  description: Certified building permit - Warehouse, Workshop and Office
  date_received: '2019-05-29'
  address: No Address, KENWICK WA 6107
  date_scraped: '2019-05-15'
  info_url: http://apps.gosnells.wa.gov.au/ICON/Pages/XC.Track/SearchApplication.aspx?id=580179
- council_reference: BA19/00555
  description: Demolition permit - Single Dwelling Demoltion
  date_received: '2019-05-30'
  address: 52 Norbury Way, LANGFORD WA 6147
  date_scraped: '2019-05-15'
  info_url: http://apps.gosnells.wa.gov.au/ICON/Pages/XC.Track/SearchApplication.aspx?id=580200
- council_reference: BA19/00556
  description: Certified building permit - Single Dwelling (Amendment to BA19/00193,
    BA19/00296, BA19/00332 and BA19/00399)
  date_received: '2019-05-29'
  address: 5 Gelirah Lane, MARTIN WA 6110
  date_scraped: '2019-05-15'
  info_url: http://apps.gosnells.wa.gov.au/ICON/Pages/XC.Track/SearchApplication.aspx?id=580207
- council_reference: BA19/00557
  description: Certified building permit - Additions to Dwelling
  date_received: '2019-05-30'
  address: 58 Stortford Road, SOUTHERN RIVER WA 6110
  date_scraped: '2019-05-15'
  info_url: http://apps.gosnells.wa.gov.au/ICON/Pages/XC.Track/SearchApplication.aspx?id=580219
- council_reference: BA19/00558
  description: Certified building permit - Double Storey Dwelling
  date_received: '2019-05-30'
  address: 62 Chandilla Street, GOSNELLS WA 6110
  date_scraped: '2019-05-15'
  info_url: http://apps.gosnells.wa.gov.au/ICON/Pages/XC.Track/SearchApplication.aspx?id=580237
- council_reference: BA19/00559
  description: Certified building permit - Internal Fit-Out (Shop 53 - Specsavers)
  date_received: '2019-05-30'
  address: 43 Attfield Street, MADDINGTON WA 6109
  date_scraped: '2019-05-15'
  info_url: http://apps.gosnells.wa.gov.au/ICON/Pages/XC.Track/SearchApplication.aspx?id=580249
- council_reference: BA19/00560
  description: Uncertified building permit - Retaining Wall
  date_received: '2019-05-30'
  address: 5 B Diamond Street, BECKENHAM WA 6107
  date_scraped: '2019-05-15'
  info_url: http://apps.gosnells.wa.gov.au/ICON/Pages/XC.Track/SearchApplication.aspx?id=580266
- council_reference: BA19/00561
  description: Uncertified building permit - Patio
  date_received: '2019-05-30'
  address: 25 Foxton Street, MADDINGTON WA 6109
  date_scraped: '2019-05-15'
  info_url: http://apps.gosnells.wa.gov.au/ICON/Pages/XC.Track/SearchApplication.aspx?id=580290
- council_reference: BA19/00562
  description: Certified building permit - Ancillary Accommodation
  date_received: '2019-05-30'
  address: 10 Watsonia Street, MADDINGTON WA 6109
  date_scraped: '2019-05-15'
  info_url: http://apps.gosnells.wa.gov.au/ICON/Pages/XC.Track/SearchApplication.aspx?id=580320
- council_reference: BA19/00563
  description: Certified building permit - Single Grouped Dwelling
  date_received: '2019-05-30'
  address: 21 B Burnley Street, THORNLIE WA 6108
  date_scraped: '2019-05-15'
  info_url: http://apps.gosnells.wa.gov.au/ICON/Pages/XC.Track/SearchApplication.aspx?id=580332
- council_reference: BA19/00564
  description: Certified building permit - Single Dwelling
  date_received: '2019-05-30'
  address: 19 Ramorine Turn, SOUTHERN RIVER WA 6110
  date_scraped: '2019-05-15'
  info_url: http://apps.gosnells.wa.gov.au/ICON/Pages/XC.Track/SearchApplication.aspx?id=580353
- council_reference: BA19/00565
  description: Demolition permit - Shed
  date_received: '2019-05-30'
  address: 347 Kelvin Road, ORANGE GROVE WA 6109
  date_scraped: '2019-05-15'
  info_url: http://apps.gosnells.wa.gov.au/ICON/Pages/XC.Track/SearchApplication.aspx?id=580360
- council_reference: BA19/00566
  description: Certified building permit - Re roof to existing Garage
  date_received: '2019-05-31'
  address: 12 Anderson Way, THORNLIE WA 6108
  date_scraped: '2019-05-15'
  info_url: http://apps.gosnells.wa.gov.au/ICON/Pages/XC.Track/SearchApplication.aspx?id=580428
- council_reference: BA19/00567
  description: Certified building permit - Carport
  date_received: '2019-05-31'
  address: 28 Kenmare Avenue, THORNLIE WA 6108
  date_scraped: '2019-05-15'
  info_url: http://apps.gosnells.wa.gov.au/ICON/Pages/XC.Track/SearchApplication.aspx?id=580434
- council_reference: BA19/00568
  description: Certified building permit - Carport
  date_received: '2019-05-31'
  address: 9 Camden Court, THORNLIE WA 6108
  date_scraped: '2019-05-15'
  info_url: http://apps.gosnells.wa.gov.au/ICON/Pages/XC.Track/SearchApplication.aspx?id=580439
- council_reference: BA19/00569
  description: Certified building permit - Signage upgrade
  date_received: '2019-05-31'
  address: 46 Comrie Road, CANNING VALE WA 6155
  date_scraped: '2019-05-15'
  info_url: http://apps.gosnells.wa.gov.au/ICON/Pages/XC.Track/SearchApplication.aspx?id=580461
- council_reference: BA19/00570
  description: Uncertified building permit - Carports to existing Medical Centre
  date_received: '2019-05-31'
  address: 141 Westfield Street, MADDINGTON WA 6109
  date_scraped: '2019-05-15'
  info_url: http://apps.gosnells.wa.gov.au/ICON/Pages/XC.Track/SearchApplication.aspx?id=580501
- council_reference: BA19/00571
  description: Demolition permit - Dwelling
  date_received: '2019-05-31'
  address: 63 Park Road, KENWICK WA 6107
  date_scraped: '2019-05-15'
  info_url: http://apps.gosnells.wa.gov.au/ICON/Pages/XC.Track/SearchApplication.aspx?id=580537
- council_reference: BA19/00572
  description: Certified building permit - Water Tank (Amendment to BA19/00410)
  date_received: '2019-06-04'
  address: 4 L Grant Street, ORANGE GROVE WA 6109
  date_scraped: '2019-05-15'
  info_url: http://apps.gosnells.wa.gov.au/ICON/Pages/XC.Track/SearchApplication.aspx?id=580623
- council_reference: BA19/00573
  description: Uncertified building permit - Shed
  date_received: '2019-06-04'
  address: 101 Warton Road, THORNLIE WA 6108
  date_scraped: '2019-05-15'
  info_url: http://apps.gosnells.wa.gov.au/ICON/Pages/XC.Track/SearchApplication.aspx?id=580637
- council_reference: BA19/00574
  description: Uncertified building permit - Carport
  date_received: '2019-06-04'
  address: 38 Chamberlain Street, GOSNELLS WA 6110
  date_scraped: '2019-05-15'
  info_url: http://apps.gosnells.wa.gov.au/ICON/Pages/XC.Track/SearchApplication.aspx?id=580665
- council_reference: BA19/00575
  description: Uncertified building permit - Front fence
  date_received: '2019-06-04'
  address: 45 Jubilee Street, BECKENHAM WA 6107
  date_scraped: '2019-05-15'
  info_url: http://apps.gosnells.wa.gov.au/ICON/Pages/XC.Track/SearchApplication.aspx?id=580701
- council_reference: BA19/00576
  description: Certified building permit - Shed
  date_received: '2019-06-04'
  address: 61 Alexandria Boulevard, CANNING VALE WA 6155
  date_scraped: '2019-05-15'
  info_url: http://apps.gosnells.wa.gov.au/ICON/Pages/XC.Track/SearchApplication.aspx?id=580734
- council_reference: BA19/00577
  description: Uncertified building permit - Patio
  date_received: '2019-06-04'
  address: 6 B Lutz Court, GOSNELLS WA 6110
  date_scraped: '2019-05-15'
  info_url: http://apps.gosnells.wa.gov.au/ICON/Pages/XC.Track/SearchApplication.aspx?id=580737
- council_reference: BA19/00578
  description: Uncertified building permit - Shed
  date_received: '2019-06-05'
  address: 15 Federal Close, GOSNELLS WA 6110
  date_scraped: '2019-05-15'
  info_url: http://apps.gosnells.wa.gov.au/ICON/Pages/XC.Track/SearchApplication.aspx?id=580847
- council_reference: BA19/00579
  description: Certified building permit - Solar Panels - Caltex Service Station
  date_received: '2019-06-05'
  address: 158 Corfield Street, GOSNELLS WA 6110
  date_scraped: '2019-05-15'
  info_url: http://apps.gosnells.wa.gov.au/ICON/Pages/XC.Track/SearchApplication.aspx?id=580859
- council_reference: BA19/00580
  description: Certified building permit - Patio
  date_received: '2019-06-06'
  address: 7 Burford Place, CANNING VALE WA 6155
  date_scraped: '2019-05-15'
  info_url: http://apps.gosnells.wa.gov.au/ICON/Pages/XC.Track/SearchApplication.aspx?id=581046
- council_reference: BA19/00581
  description: Certified building permit - Single Dwelling
  date_received: '2019-06-06'
  address: 16 Azima Street, SOUTHERN RIVER WA 6110
  date_scraped: '2019-05-15'
  info_url: http://apps.gosnells.wa.gov.au/ICON/Pages/XC.Track/SearchApplication.aspx?id=581077
- council_reference: BA19/00582
  description: Uncertified building permit - Patio
  date_received: '2019-06-07'
  address: 3 Ness Lane, CANNING VALE WA 6155
  date_scraped: '2019-05-15'
  info_url: http://apps.gosnells.wa.gov.au/ICON/Pages/XC.Track/SearchApplication.aspx?id=581210
- council_reference: BA19/00583
  description: Certified building permit - Shop Fit-out
  date_received: '2019-06-07'
  address: 1 / 2209 Albany Highway, GOSNELLS WA 6110
  date_scraped: '2019-05-15'
  info_url: http://apps.gosnells.wa.gov.au/ICON/Pages/XC.Track/SearchApplication.aspx?id=581252
- council_reference: BA19/00584
  description: Certified building permit - Canopy and Building Modifications
  date_received: '2019-06-07'
  address: 55 Mills Road West, GOSNELLS WA 6110
  date_scraped: '2019-05-15'
  info_url: http://apps.gosnells.wa.gov.au/ICON/Pages/XC.Track/SearchApplication.aspx?id=581265
- council_reference: BC19/00031
  description: Building approval certificate - Unauthorised work - Solar Panels
  date_received: '2019-05-28'
  address: 4 / 8 Alexandria Boulevard, CANNING VALE WA 6155
  date_scraped: '2019-05-15'
  info_url: http://apps.gosnells.wa.gov.au/ICON/Pages/XC.Track/SearchApplication.aspx?id=580128
- council_reference: BO19/00023
  description: Occupancy permit - Shop
  date_received: '2019-05-30'
  address: 271 Amherst Road, CANNING VALE WA 6155
  date_scraped: '2019-05-15'
  info_url: http://apps.gosnells.wa.gov.au/ICON/Pages/XC.Track/SearchApplication.aspx?id=580303
- council_reference: BO19/00024
  description: Occupancy permit - Factory/Workshop
  date_received: '2019-05-31'
  address: 2 / 29 Emerald Road, MADDINGTON WA 6109
  date_scraped: '2019-05-15'
  info_url: http://apps.gosnells.wa.gov.au/ICON/Pages/XC.Track/SearchApplication.aspx?id=580460
- council_reference: BO19/00025
  description: Occupancy permit - Office / Warehouse Fitout
  date_received: '2019-06-05'
  address: 461 B Nicholson Road, CANNING VALE WA 6155
  date_scraped: '2019-05-15'
  info_url: http://apps.gosnells.wa.gov.au/ICON/Pages/XC.Track/SearchApplication.aspx?id=580922
- council_reference: BO19/00026
  description: Occupancy permit - School
  date_received: '2019-06-06'
  address: 92 Kenwick Road, KENWICK WA 6107
  date_scraped: '2019-05-15'
  info_url: http://apps.gosnells.wa.gov.au/ICON/Pages/XC.Track/SearchApplication.aspx?id=581075
- council_reference: DA19/00129
  description: Planning Development Application - ICON - 35 (Lot 8) and 45 (Lot 9)
    Coldwell Road Kenwick - Industry General
  date_received: '2019-05-27'
  address: 45 Coldwell Road, KENWICK WA 6107
  date_scraped: '2019-05-15'
  info_url: http://apps.gosnells.wa.gov.au/ICON/Pages/XC.Track/SearchApplication.aspx?id=579890
- council_reference: DA19/00130
  description: Planning Development Application - 13 (Lot 118) Partridge Way Thornlie
    - Two Grouped Dwellings
  date_received: '2019-05-27'
  address: 13 Partridge Way, THORNLIE WA 6108
  date_scraped: '2019-05-15'
  info_url: http://apps.gosnells.wa.gov.au/ICON/Pages/XC.Track/SearchApplication.aspx?id=579898
- council_reference: DA19/00131
  description: Planning Development Application - 49 (Strata Lot 87) and 51 (Strata
    Lot 88) Yangtze Avenue Southern River - Two Grouped Dwellings
  date_received: '2019-05-28'
  address: 51 Yangtze Avenue, SOUTHERN RIVER WA 6110
  date_scraped: '2019-05-15'
  info_url: http://apps.gosnells.wa.gov.au/ICON/Pages/XC.Track/SearchApplication.aspx?id=579990
- council_reference: DA19/00132
  description: Planning Development Application - 57 (Lot 3403) Southgate Road Langford
    - Islamic College - Educational Establishment - Forward Works Stage 2 (Pumps and
    Tanks)
  date_received: '2019-05-30'
  address: 57 Southgate Road, LANGFORD WA 6147
  date_scraped: '2019-05-15'
  info_url: http://apps.gosnells.wa.gov.au/ICON/Pages/XC.Track/SearchApplication.aspx?id=580369
- council_reference: DA19/00133
  description: Planning Development Application - ICON - 25 (Lot 380) Foxwood Way
    Langford - Two Grouped Dwellings
  date_received: '2019-05-30'
  address: 25 Foxwood Way, LANGFORD WA 6147
  date_scraped: '2019-05-15'
  info_url: http://apps.gosnells.wa.gov.au/ICON/Pages/XC.Track/SearchApplication.aspx?id=580372
- council_reference: DA19/00134
  description: AWAITING PAYMENT Planning Development Application - ICON - U6/15 (Lot
    4) Sydenham Street Beckenham - One Grouped Dwelling
  date_received: '2019-05-30'
  address: 6 / 15 Sydenham Street, BECKENHAM WA 6107
  date_scraped: '2019-05-15'
  info_url: http://apps.gosnells.wa.gov.au/ICON/Pages/XC.Track/SearchApplication.aspx?id=580373
- council_reference: DA19/00135
  description: Planning Development Application - 24 (Lot 174) Range View Way Thornlie
    - Three Grouped Dwellings
  date_received: '2019-05-30'
  address: 24 Range View Way, THORNLIE WA 6108
  date_scraped: '2019-05-15'
  info_url: http://apps.gosnells.wa.gov.au/ICON/Pages/XC.Track/SearchApplication.aspx?id=580375
- council_reference: DA19/00136
  description: Joint Development Assessment Panel (JDAP) - 25 (Lot 7) and 35 (Lot
    8) Coldwell Road Kenwick, 78 (Lot 13) and 76 (Lot 14) Grove Road Kenwick - Industry
    Light
  date_received: '2019-05-31'
  address: 76 Grove Road, KENWICK WA 6107
  date_scraped: '2019-05-15'
  info_url: http://apps.gosnells.wa.gov.au/ICON/Pages/XC.Track/SearchApplication.aspx?id=580416
- council_reference: DA19/00137
  description: Planning Development Application - 80 (Lot 2) Fremantle Road Gosnells
    - Shade Sail Structure
  date_received: '2019-05-31'
  address: 80 Fremantle Road, GOSNELLS WA 6110
  date_scraped: '2019-05-15'
  info_url: http://apps.gosnells.wa.gov.au/ICON/Pages/XC.Track/SearchApplication.aspx?id=580514
- council_reference: DA19/00138
  description: Planning Development Application - 8 (Lot 50) Bronzewing Street Huntingdale
    - Change of Use (Educational Establishment)
  date_received: '2019-05-31'
  address: 8 Bronzewing Street, HUNTINGDALE WA 6110
  date_scraped: '2019-05-15'
  info_url: http://apps.gosnells.wa.gov.au/ICON/Pages/XC.Track/SearchApplication.aspx?id=580523
- council_reference: DA19/00139
  description: Planning Development Application - 34 (Lot 31) Alcock Street Maddington
    - Place of Worship
  date_received: '2019-05-31'
  address: 34 Alcock Street, MADDINGTON WA 6109
  date_scraped: '2019-05-15'
  info_url: http://apps.gosnells.wa.gov.au/ICON/Pages/XC.Track/SearchApplication.aspx?id=580563
- council_reference: DA19/00140
  description: Planning Development Application - 43 (Lot 1) Attfield Street Maddington
    - Signage (Auto Service Centre)
  date_received: '2019-06-05'
  address: 43 Attfield Street, MADDINGTON WA 6109
  date_scraped: '2019-05-15'
  info_url: http://apps.gosnells.wa.gov.au/ICON/Pages/XC.Track/SearchApplication.aspx?id=580954
- council_reference: DA19/10166
  description: Building development application - Double Storey Dwelling
  date_received: '2019-05-27'
  address: 28 Lucas Loop, CANNING VALE WA 6155
  date_scraped: '2019-05-15'
  info_url: http://apps.gosnells.wa.gov.au/ICON/Pages/XC.Track/SearchApplication.aspx?id=579994
- council_reference: DA19/10167
  description: Building development application - Single Dwelling
  date_received: '2019-05-27'
  address: 17 Crosby Chase, BECKENHAM WA 6107
  date_scraped: '2019-05-15'
  info_url: http://apps.gosnells.wa.gov.au/ICON/Pages/XC.Track/SearchApplication.aspx?id=579999
- council_reference: DA19/10168
  description: Building development application - Ancillary Addition
  date_received: '2019-05-30'
  address: 51 Cameron Street, LANGFORD WA 6147
  date_scraped: '2019-05-15'
  info_url: http://apps.gosnells.wa.gov.au/ICON/Pages/XC.Track/SearchApplication.aspx?id=580278
- council_reference: DA19/10169
  description: Building development application - Single Dwelling
  date_received: '2019-05-30'
  address: 3 Coutts Way, MADDINGTON WA 6109
  date_scraped: '2019-05-15'
  info_url: http://apps.gosnells.wa.gov.au/ICON/Pages/XC.Track/SearchApplication.aspx?id=580281
- council_reference: DA19/10170
  description: Building development application - Patio
  date_received: '2019-06-05'
  address: 72 A Towncentre Drive, THORNLIE WA 6108
  date_scraped: '2019-05-15'
  info_url: http://apps.gosnells.wa.gov.au/ICON/Pages/XC.Track/SearchApplication.aspx?id=580887
- council_reference: DA19/10171
  description: Building development application - Extension to dwelling, patio, carport
    and front fence
  date_received: '2019-06-05'
  address: 35 Forest Crescent, THORNLIE WA 6108
  date_scraped: '2019-05-15'
  info_url: http://apps.gosnells.wa.gov.au/ICON/Pages/XC.Track/SearchApplication.aspx?id=580967
- council_reference: DA19/10172
  description: Building development application - Single Dwelling
  date_received: '2019-06-06'
  address: 3 Cherrytree Chase, MADDINGTON WA 6109
  date_scraped: '2019-05-15'
  info_url: http://apps.gosnells.wa.gov.au/ICON/Pages/XC.Track/SearchApplication.aspx?id=580981
- council_reference: DA19/10173
  description: Building development application - Patio
  date_received: '2019-06-07'
  address: 3 Hillegine Court, GOSNELLS WA 6110
  date_scraped: '2019-05-15'
  info_url: http://apps.gosnells.wa.gov.au/ICON/Pages/XC.Track/SearchApplication.aspx?id=581208
