---
- council_reference: 279/2019/DA/A
  description: Alterations and Additions and Use of Unauthorised Work
  date_received: '2019-05-28'
  address: 25 Pacific Drive, Crowdy Head NSW 2427
  date_scraped: '2019-05-15'
  info_url: http://icon.gtcc.nsw.gov.au/eplanning/Pages/XC.Track/SearchApplication.aspx?id=327084
- council_reference: 301/2019/DA/A
  description: Single Storey Dwelling
  date_received: '2019-05-28'
  address: 80 Albatross Way, Old Bar NSW 2430
  date_scraped: '2019-05-15'
  info_url: http://icon.gtcc.nsw.gov.au/eplanning/Pages/XC.Track/SearchApplication.aspx?id=327068
- council_reference: 336/2019/DA/A
  description: Single Storey Dwelling
  date_received: '2019-06-05'
  address: 236 Khatabundah Road, Wingham NSW 2429
  date_scraped: '2019-05-15'
  info_url: http://icon.gtcc.nsw.gov.au/eplanning/Pages/XC.Track/SearchApplication.aspx?id=327313
- council_reference: 340/2019/DA/A
  description: Subdivision - 3 Lot (Boundary Adjustment)
  date_received: '2019-06-05'
  address: 155 Middlebrook Road, Marlee NSW 2429
  date_scraped: '2019-05-15'
  info_url: http://icon.gtcc.nsw.gov.au/eplanning/Pages/XC.Track/SearchApplication.aspx?id=327318
- council_reference: 497/2019/DA
  description: Subdivision - 3 Lot (Staged)
  date_received: '2019-05-28'
  address: 44 Peveril Street, Tinonee NSW 2430
  date_scraped: '2019-05-15'
  info_url: http://icon.gtcc.nsw.gov.au/eplanning/Pages/XC.Track/SearchApplication.aspx?id=327079
- council_reference: 498/2019/DA
  description: Demolition of Existing Dwelling and Construction of Two Storey Dwelling
  date_received: '2019-05-28'
  address: 330 Cowans Lane, Oxley Island NSW 2430
  date_scraped: '2019-05-15'
  info_url: http://icon.gtcc.nsw.gov.au/eplanning/Pages/XC.Track/SearchApplication.aspx?id=327082
- council_reference: 499/2019/DA
  description: Ecotourist Facilty
  date_received: '2019-05-28'
  address: 551 Crowdy Head Road, Crowdy Head NSW 2427
  date_scraped: '2019-05-15'
  info_url: http://icon.gtcc.nsw.gov.au/eplanning/Pages/XC.Track/SearchApplication.aspx?id=327092
- council_reference: 500/2019/DA
  description: Dwelling, Garage & Shed
  date_received: '2019-05-28'
  address: 0 The Dell, Diamond Beach NSW 2430
  date_scraped: '2019-05-15'
  info_url: http://icon.gtcc.nsw.gov.au/eplanning/Pages/XC.Track/SearchApplication.aspx?id=327095
- council_reference: 501/2019/DA
  description: Carport
  date_received: '2019-05-29'
  address: 42 Oxley Street, Harrington NSW 2427
  date_scraped: '2019-05-15'
  info_url: http://icon.gtcc.nsw.gov.au/eplanning/Pages/XC.Track/SearchApplication.aspx?id=327104
- council_reference: 502/2019/DA
  description: Single storey Dwelling
  date_received: '2019-05-30'
  address: 39 Woodlands Drive, Hallidays Point NSW 2430
  date_scraped: '2019-05-15'
  info_url: http://icon.gtcc.nsw.gov.au/eplanning/Pages/XC.Track/SearchApplication.aspx?id=327158
- council_reference: 503/2019/DA
  description: Attached Garage and Walkway
  date_received: '2019-05-31'
  address: 91 Cusacks Lane, Dyers Crossing NSW 2429
  date_scraped: '2019-05-15'
  info_url: http://icon.gtcc.nsw.gov.au/eplanning/Pages/XC.Track/SearchApplication.aspx?id=327185
- council_reference: 504/2019/DA
  description: Single Storey Dwelling, Garage and Pool
  date_received: '2019-05-31'
  address: 9 Noosa Crescent, Red Head NSW 2430
  date_scraped: '2019-05-15'
  info_url: http://icon.gtcc.nsw.gov.au/eplanning/Pages/XC.Track/SearchApplication.aspx?id=327196
- council_reference: 505/2019/DA
  description: Commercial Alterations
  date_received: '2019-05-31'
  address: 31 Old Bar Road, Old Bar NSW 2430
  date_scraped: '2019-05-15'
  info_url: http://icon.gtcc.nsw.gov.au/eplanning/Pages/XC.Track/SearchApplication.aspx?id=327212
- council_reference: 506/2019/DA
  description: Two storey Dwelling
  date_received: '2019-05-31'
  address: 64 Red Head Road, Red Head NSW 2430
  date_scraped: '2019-05-15'
  info_url: http://icon.gtcc.nsw.gov.au/eplanning/Pages/XC.Track/SearchApplication.aspx?id=327221
- council_reference: 507/2019/DA
  description: Storage Shed & Awnings (Use Only)
  date_received: '2019-06-03'
  address: 6 Bungay Road, Wingham NSW 2429
  date_scraped: '2019-05-15'
  info_url: http://icon.gtcc.nsw.gov.au/eplanning/Pages/XC.Track/SearchApplication.aspx?id=327248
- council_reference: 508/2019/DA
  description: Boundary Adjustment
  date_received: '2019-06-04'
  address: 6 Ruby Drive, Taree NSW 2430
  date_scraped: '2019-05-15'
  info_url: http://icon.gtcc.nsw.gov.au/eplanning/Pages/XC.Track/SearchApplication.aspx?id=327282
- council_reference: 509/2019/DA
  description: Residential Alterations and Additions
  date_received: '2019-06-05'
  address: 15 Huntress Street, Harrington NSW 2427
  date_scraped: '2019-05-15'
  info_url: http://icon.gtcc.nsw.gov.au/eplanning/Pages/XC.Track/SearchApplication.aspx?id=327309
- council_reference: 510/2019/DA
  description: Single Storey Dwelling
  date_received: '2019-06-05'
  address: 229 Kolodong Road, Taree NSW 2430
  date_scraped: '2019-05-15'
  info_url: http://icon.gtcc.nsw.gov.au/eplanning/Pages/XC.Track/SearchApplication.aspx?id=327325
- council_reference: 511/2019/DA
  description: Residential Alterations and Additions
  date_received: '2019-06-05'
  address: 8 Sapphire Parade, Diamond Beach NSW 2430
  date_scraped: '2019-05-15'
  info_url: http://icon.gtcc.nsw.gov.au/eplanning/Pages/XC.Track/SearchApplication.aspx?id=327330
- council_reference: 512/2019/DA
  description: Front and Side Fence and Inground Swimming Pool
  date_received: '2019-06-05'
  address: 17 Smith Street, Old Bar NSW 2430
  date_scraped: '2019-05-15'
  info_url: http://icon.gtcc.nsw.gov.au/eplanning/Pages/XC.Track/SearchApplication.aspx?id=327346
- council_reference: 513/2019/DA
  description: Single Storey Dwelling and Secondary Dwelling
  date_received: '2019-06-05'
  address: 7 Maita Way, Old Bar NSW 2430
  date_scraped: '2019-05-15'
  info_url: http://icon.gtcc.nsw.gov.au/eplanning/Pages/XC.Track/SearchApplication.aspx?id=327348
- council_reference: 514/2019/DA
  description: Boundary Adjustment x 2 Lot
  date_received: '2019-06-05'
  address: 1777 Lansdowne Road, Langley Vale NSW 2426
  date_scraped: '2019-05-15'
  info_url: http://icon.gtcc.nsw.gov.au/eplanning/Pages/XC.Track/SearchApplication.aspx?id=327352
- council_reference: 515/2019/DA
  description: Use of Existing Shed as Home Office
  date_received: '2019-06-05'
  address: 209 Diamond Beach Road, Diamond Beach NSW 2430
  date_scraped: '2019-05-15'
  info_url: http://icon.gtcc.nsw.gov.au/eplanning/Pages/XC.Track/SearchApplication.aspx?id=327366
- council_reference: 516/2019/DA
  description: Commercial Alterations and Additions
  date_received: '2019-06-05'
  address: 171 Manning River Drive, Glenthorne NSW 2430
  date_scraped: '2019-05-15'
  info_url: http://icon.gtcc.nsw.gov.au/eplanning/Pages/XC.Track/SearchApplication.aspx?id=327369
- council_reference: 517/2019/DA
  description: Secondary Dwelling
  date_received: '2019-06-06'
  address: 59 Oakview Drive, Hallidays Point NSW 2430
  date_scraped: '2019-05-15'
  info_url: http://icon.gtcc.nsw.gov.au/eplanning/Pages/XC.Track/SearchApplication.aspx?id=327405
- council_reference: 518/2019/DA
  description: Boundary Adjustment
  date_received: '2019-06-06'
  address: 236 Kings Creek Road, Krambach NSW 2429
  date_scraped: '2019-05-15'
  info_url: http://icon.gtcc.nsw.gov.au/eplanning/Pages/XC.Track/SearchApplication.aspx?id=327410
- council_reference: 519/2019/DA
  description: Single Storey Dwelling
  date_received: '2019-06-06'
  address: 12 Butea Drive, Taree NSW 2430
  date_scraped: '2019-05-15'
  info_url: http://icon.gtcc.nsw.gov.au/eplanning/Pages/XC.Track/SearchApplication.aspx?id=327438
