---
- council_reference: 10.2018.150.4
  description: New Shed and Carport
  date_received: '2019-07-12'
  address: 67 Adams Street, JINDERA NSW 2642
  date_scraped: '2019-05-15'
  info_url: http://datracker.greaterhume.nsw.gov.au/Pages/XC.Track/SearchApplication.aspx?id=010.2018.00000150.004
- council_reference: 10.2019.83.1
  description: New Shed
  date_received: '2019-07-01'
  address: 9 Melrose Street, CULCAIRN NSW 2660
  date_scraped: '2019-05-15'
  info_url: http://datracker.greaterhume.nsw.gov.au/Pages/XC.Track/SearchApplication.aspx?id=010.2019.00000083.001
- council_reference: 10.2019.84.1
  description: New Dwelling & Garage New Dwelling - Urban New Shed Garage Carport
  date_received: '2019-07-02'
  address: 36 Pech Avenue, JINDERA NSW 2642
  date_scraped: '2019-05-15'
  info_url: http://datracker.greaterhume.nsw.gov.au/Pages/XC.Track/SearchApplication.aspx?id=010.2019.00000084.001
- council_reference: 10.2019.85.1
  description: New Dwelling & Garage New Dwelling - Urban New Shed Garage Carport
  date_received: '2019-07-02'
  address: 98 Creek Street, JINDERA NSW 2642
  date_scraped: '2019-05-15'
  info_url: http://datracker.greaterhume.nsw.gov.au/Pages/XC.Track/SearchApplication.aspx?id=010.2019.00000085.001
- council_reference: 10.2019.86.1
  description: New Shed
  date_received: '2019-07-02'
  address: 1019 Urana Road, JINDERA NSW 2642
  date_scraped: '2019-05-15'
  info_url: http://datracker.greaterhume.nsw.gov.au/Pages/XC.Track/SearchApplication.aspx?id=010.2019.00000086.001
- council_reference: 10.2019.87.1
  description: New Shed
  date_received: '2019-07-09'
  address: 5288 Olympic Highway, HENTY NSW 2658
  date_scraped: '2019-05-15'
  info_url: http://datracker.greaterhume.nsw.gov.au/Pages/XC.Track/SearchApplication.aspx?id=010.2019.00000087.001
- council_reference: 10.2019.88.1
  description: New Dwelling & Garage New Dwelling - Urban New Shed Garage Carport
  date_received: '2019-07-10'
  address: 16 Spurr Street, HOLBROOK NSW 2644
  date_scraped: '2019-05-15'
  info_url: http://datracker.greaterhume.nsw.gov.au/Pages/XC.Track/SearchApplication.aspx?id=010.2019.00000088.001
- council_reference: 10.2019.89.1
  description: 2 Lot Subdivision
  date_received: '2019-07-11'
  address: 103 Dunwandren Lane, JINDERA NSW 2642
  date_scraped: '2019-05-15'
  info_url: http://datracker.greaterhume.nsw.gov.au/Pages/XC.Track/SearchApplication.aspx?id=010.2019.00000089.001
- council_reference: 10.2019.90.1
  description: New Shed
  date_received: '2019-07-11'
  address: 6 Durakar Close, JINDERA NSW 2642
  date_scraped: '2019-05-15'
  info_url: http://datracker.greaterhume.nsw.gov.au/Pages/XC.Track/SearchApplication.aspx?id=010.2019.00000090.001
- council_reference: 10.2019.91.1
  description: New Shed
  date_received: '2019-07-12'
  address: 5 Pomegranate Drive, JINDERA NSW 2642
  date_scraped: '2019-05-15'
  info_url: http://datracker.greaterhume.nsw.gov.au/Pages/XC.Track/SearchApplication.aspx?id=010.2019.00000091.001
- council_reference: 10.2019.92.1
  description: New Swimming Pool
  date_received: '2019-07-15'
  address: 1039 Morven Cookardinia Road, COOKARDINIA NSW 2650
  date_scraped: '2019-05-15'
  info_url: http://datracker.greaterhume.nsw.gov.au/Pages/XC.Track/SearchApplication.aspx?id=010.2019.00000092.001
- council_reference: 10.2019.93.1
  description: New Shed & Carport
  date_received: '2019-07-12'
  address: 67 Adams Street, JINDERA NSW 2642
  date_scraped: '2019-05-15'
  info_url: http://datracker.greaterhume.nsw.gov.au/Pages/XC.Track/SearchApplication.aspx?id=010.2019.00000093.001
- council_reference: 10.2019.94.1
  description: New Shed
  date_received: '2019-07-16'
  address: 49 Main Street, BROCKLESBY NSW 2642
  date_scraped: '2019-05-15'
  info_url: http://datracker.greaterhume.nsw.gov.au/Pages/XC.Track/SearchApplication.aspx?id=010.2019.00000094.001
- council_reference: 10.2019.95.1
  description: New Transportable Dwelling
  date_received: '2019-07-18'
  address: 9 King Street, BROCKLESBY NSW 2642
  date_scraped: '2019-05-15'
  info_url: http://datracker.greaterhume.nsw.gov.au/Pages/XC.Track/SearchApplication.aspx?id=010.2019.00000095.001
