---
- council_reference: PLN-19-303
  description: Dwelling
  date_received: '2019-05-27'
  address: 2 NOBLE DRIVE, NEW TOWN TAS 7008
  date_scraped: '2019-05-15'
  info_url: https://apply.hobartcity.com.au/Pages/XC.Track/SearchApplication.aspx?id=179286
- council_reference: PLN-19-304
  description: Alterations and Change of Use to Visitor Accommodation
  date_received: '2019-05-27'
  address: 75 PATRICK STREET, HOBART TAS 7000
  date_scraped: '2019-05-15'
  info_url: https://apply.hobartcity.com.au/Pages/XC.Track/SearchApplication.aspx?id=179396
- council_reference: PLN-19-305
  description: Change of Use to Visitor Accommodation
  date_received: '2019-05-27'
  address: 5 EURELLA AVENUE, SANDY BAY TAS 7005
  date_scraped: '2019-05-15'
  info_url: https://apply.hobartcity.com.au/Pages/XC.Track/SearchApplication.aspx?id=177962
- council_reference: PLN-19-306
  description: Partial Demolition, Alterations and Extension
  date_received: '2019-05-27'
  address: 10 NEWLANDS AVENUE, LENAH VALLEY TAS 7008
  date_scraped: '2019-05-15'
  info_url: https://apply.hobartcity.com.au/Pages/XC.Track/SearchApplication.aspx?id=179454
- council_reference: PLN-19-307
  description: Carport and Partial Change of Use to Visitor Accommodation
  date_received: '2019-05-27'
  address: 10 A BELLEVUE PARADE, NEW TOWN TAS 7008
  date_scraped: '2019-05-15'
  info_url: https://apply.hobartcity.com.au/Pages/XC.Track/SearchApplication.aspx?id=179476
- council_reference: PLN-19-308
  description: Archaeological Works
  date_received: '2019-05-27'
  address: 234 ELIZABETH STREET, HOBART TAS 7000
  date_scraped: '2019-05-15'
  info_url: https://apply.hobartcity.com.au/Pages/XC.Track/SearchApplication.aspx?id=179228
- council_reference: PLN-19-309
  description: Change of Use to Visitor Accommodation
  date_received: '2019-05-28'
  address: 78 LORD STREET, SANDY BAY TAS 7005
  date_scraped: '2019-05-15'
  info_url: https://apply.hobartcity.com.au/Pages/XC.Track/SearchApplication.aspx?id=179430
- council_reference: PLN-19-310
  description: Ancillary Dwelling & Tree Removal
  date_received: '2019-05-28'
  address: 435 NELSON ROAD, MOUNT NELSON TAS 7007
  date_scraped: '2019-05-15'
  info_url: https://apply.hobartcity.com.au/Pages/XC.Track/SearchApplication.aspx?id=179558
- council_reference: PLN-19-311
  description: Front Fencing
  date_received: '2019-05-29'
  address: 1 / 22 A LORD STREET, SANDY BAY TAS 7005
  date_scraped: '2019-05-15'
  info_url: https://apply.hobartcity.com.au/Pages/XC.Track/SearchApplication.aspx?id=179266
- council_reference: PLN-19-312
  description: Alterations (Awnings)
  date_received: '2019-05-29'
  address: 120 - 122 MURRAY STREET, HOBART TAS 7000
  date_scraped: '2019-05-15'
  info_url: https://apply.hobartcity.com.au/Pages/XC.Track/SearchApplication.aspx?id=179436
- council_reference: PLN-19-313
  description: Partial Demolition, Alterations, Extension, Ancillary Dwelling and
    Front Fencing
  date_received: '2019-05-29'
  address: 140 NELSON ROAD, MOUNT NELSON TAS 7007
  date_scraped: '2019-05-15'
  info_url: https://apply.hobartcity.com.au/Pages/XC.Track/SearchApplication.aspx?id=179708
- council_reference: PLN-19-314
  description: 20 Multiple Dwellings
  date_received: '2019-05-29'
  address: 26 EDITH AVENUE (CT169834/40), SANDY BAY TAS 7005
  date_scraped: '2019-05-15'
  info_url: https://apply.hobartcity.com.au/Pages/XC.Track/SearchApplication.aspx?id=179638
- council_reference: PLN-19-315
  description: Dwelling
  date_received: '2019-05-30'
  address: 22 TABART STREET (CT 175923/54), NEW TOWN TAS 7008
  date_scraped: '2019-05-15'
  info_url: https://apply.hobartcity.com.au/Pages/XC.Track/SearchApplication.aspx?id=179560
- council_reference: PLN-19-316
  description: Vegetation Removal and Fencing
  date_received: '2019-05-30'
  address: 1 RED KNIGHTS ROAD, SANDY BAY TAS 7005
  date_scraped: '2019-05-15'
  info_url: https://apply.hobartcity.com.au/Pages/XC.Track/SearchApplication.aspx?id=179830
- council_reference: PLN-19-317
  description: Dwelling
  date_received: '2019-05-30'
  address: 22 STEVENS FARM DRIVE, WEST HOBART TAS 7000
  date_scraped: '2019-05-15'
  info_url: https://apply.hobartcity.com.au/Pages/XC.Track/SearchApplication.aspx?id=179474
- council_reference: PLN-19-318
  description: Subdivision (Boundary Adjustment)
  date_received: '2019-05-31'
  address: 49 - 51 MURRAY STREET (CAT & FIDDLE ARCADE), HOBART TAS 7000
  date_scraped: '2019-05-15'
  info_url: https://apply.hobartcity.com.au/Pages/XC.Track/SearchApplication.aspx?id=179840
- council_reference: PLN-19-319
  description: Demolition, New Building for 33 Multiple Dwellings and 21 Visitor Accommodation
    Units including Carparking, and Associated Works
  date_received: '2019-05-31'
  address: 63 DAVEY STREET, HOBART TAS 7000
  date_scraped: '2019-05-15'
  info_url: https://apply.hobartcity.com.au/Pages/XC.Track/SearchApplication.aspx?id=179370
- council_reference: PLN-19-320
  description: Partial Demolition, Alterations and Extension
  date_received: '2019-05-31'
  address: 49 MONTAGU STREET, LENAH VALLEY TAS 7008
  date_scraped: '2019-05-15'
  info_url: https://apply.hobartcity.com.au/Pages/XC.Track/SearchApplication.aspx?id=179836
- council_reference: PLN-19-321
  description: Access Road and Carparking
  date_received: '2019-05-31'
  address: 2 CHURCHILL AVENUE, SANDY BAY TAS 7005
  date_scraped: '2019-05-15'
  info_url: https://apply.hobartcity.com.au/Pages/XC.Track/SearchApplication.aspx?id=179810
- council_reference: PLN-19-322
  description: Partial Demolition and Alterations
  date_received: '2019-05-31'
  address: 79 PRINCES STREET, SANDY BAY TAS 7005
  date_scraped: '2019-05-15'
  info_url: https://apply.hobartcity.com.au/Pages/XC.Track/SearchApplication.aspx?id=179876
- council_reference: PLN-19-323
  description: Change of Use to Visitor Accommodation (Bed and Breakfast)
  date_received: '2019-06-03'
  address: 45 KELLY STREET, BATTERY POINT TAS 7004
  date_scraped: '2019-05-15'
  info_url: https://apply.hobartcity.com.au/Pages/XC.Track/SearchApplication.aspx?id=179902
- council_reference: PLN-19-324
  description: Alterations
  date_received: '2019-06-03'
  address: 3 ARGYLE STREET, HOBART TAS 7000
  date_scraped: '2019-05-15'
  info_url: https://apply.hobartcity.com.au/Pages/XC.Track/SearchApplication.aspx?id=179502
- council_reference: PLN-19-325
  description: Partial Demolition, Alterations and Extension
  date_received: '2019-06-03'
  address: 2 FRENCH STREET, SANDY BAY TAS 7005
  date_scraped: '2019-05-15'
  info_url: https://apply.hobartcity.com.au/Pages/XC.Track/SearchApplication.aspx?id=179966
- council_reference: PLN-19-326
  description: Partial Demolition and Alterations
  date_received: '2019-06-03'
  address: 321 - 323 ELIZABETH STREET, NORTH HOBART TAS 7000
  date_scraped: '2019-05-15'
  info_url: https://apply.hobartcity.com.au/Pages/XC.Track/SearchApplication.aspx?id=179738
- council_reference: PLN-19-327
  description: Partial Change of Use to Visitor Accommodation
  date_received: '2019-06-03'
  address: 59 - 61 YORK STREET, SANDY BAY TAS 7005
  date_scraped: '2019-05-15'
  info_url: https://apply.hobartcity.com.au/Pages/XC.Track/SearchApplication.aspx?id=179930
- council_reference: PLN-19-328
  description: Partial Demolition, Outbuilding and Alterations to Car Parking
  date_received: '2019-06-03'
  address: 1 FISHER LANE, SANDY BAY TAS 7005
  date_scraped: '2019-05-15'
  info_url: https://apply.hobartcity.com.au/Pages/XC.Track/SearchApplication.aspx?id=179982
- council_reference: PLN-19-329
  description: Partial Demolition and Alterations
  date_received: '2019-06-03'
  address: 92 GROSVENOR STREET, SANDY BAY TAS 7005
  date_scraped: '2019-05-15'
  info_url: https://apply.hobartcity.com.au/Pages/XC.Track/SearchApplication.aspx?id=179988
- council_reference: PLN-19-330
  description: Signage
  date_received: '2019-06-03'
  address: MELVILLE STREET, HOBART TAS 7000
  date_scraped: '2019-05-15'
  info_url: https://apply.hobartcity.com.au/Pages/XC.Track/SearchApplication.aspx?id=179280
- council_reference: PLN-19-331
  description: Outbuilding
  date_received: '2019-06-04'
  address: 132 NEW TOWN ROAD, NEW TOWN TAS 7008
  date_scraped: '2019-05-15'
  info_url: https://apply.hobartcity.com.au/Pages/XC.Track/SearchApplication.aspx?id=179984
- council_reference: PLN-19-332
  description: Partial Demolition, Alterations and Extension
  date_received: '2019-06-04'
  address: 91 LETITIA STREET, NORTH HOBART TAS 7000
  date_scraped: '2019-05-15'
  info_url: https://apply.hobartcity.com.au/Pages/XC.Track/SearchApplication.aspx?id=179986
- council_reference: PLN-19-333
  description: Partial Demolition, Alterations and Extension
  date_received: '2019-06-04'
  address: 16 OBERON COURT, DYNNYRNE TAS 7005
  date_scraped: '2019-05-15'
  info_url: https://apply.hobartcity.com.au/Pages/XC.Track/SearchApplication.aspx?id=173401
- council_reference: PLN-19-334
  description: Partial Demolition, Alterations, Signage and Change of Use to Storage
  date_received: '2019-06-04'
  address: 27 - 29 FEDERAL STREET, NORTH HOBART TAS 7000
  date_scraped: '2019-05-15'
  info_url: https://apply.hobartcity.com.au/Pages/XC.Track/SearchApplication.aspx?id=179942
- council_reference: PLN-19-335
  description: Partial Demolition and Alterations
  date_received: '2019-06-05'
  address: 71 A NEW TOWN ROAD, NEW TOWN TAS 7008
  date_scraped: '2019-05-15'
  info_url: https://apply.hobartcity.com.au/Pages/XC.Track/SearchApplication.aspx?id=173821
- council_reference: PLN-19-336
  description: Partial Demolition and Alterations
  date_received: '2019-06-05'
  address: 2 CHURCHILL AVENUE, SANDY BAY TAS 7005
  date_scraped: '2019-05-15'
  info_url: https://apply.hobartcity.com.au/Pages/XC.Track/SearchApplication.aspx?id=180066
