---
- council_reference: DA/146/2017/A
  description: 'S4.55(2) Modification Application to approved development including
    alterations and additions to extend floor area at second floor levels, enlarged
    swimming pools and reduced decking. Original Consent: Demolition of the existing
    structures, construction of a 3 storey attached dual occupancy with garages to
    front, spa pools to rear, landscaping and associated works (variation to floor
    space ratio control).'
  date_received: '2020-06-26'
  address: 26 Dwyer Avenue LITTLE BAY NSW 2036
  date_scraped: '2019-05-15'
  info_url: https://planning.randwick.nsw.gov.au/pages/xc.track.advanced/SearchApplication.aspx?id=686984
- council_reference: DA/27/2020/B
  description: 'Section 4.55 modification of approved development. Original consent:
    Demolition of existing single garage and construction of a new garage within the
    same location forward of front façade (Heritage Item).'
  date_received: '2020-07-06'
  address: 27 Goorawahl Avenue LA PEROUSE NSW 2036
  date_scraped: '2019-05-15'
  info_url: https://planning.randwick.nsw.gov.au/pages/xc.track.advanced/SearchApplication.aspx?id=688528
- council_reference: DA/291/2020
  description: Demolition of existing structures and contruction of a two storey attached
    dual occupancy with a plunge pool to each dwelling (variation to FSR control).
  date_received: '2020-06-25'
  address: 29 Nix Avenue MALABAR NSW 2036
  date_scraped: '2019-05-15'
  info_url: https://planning.randwick.nsw.gov.au/pages/xc.track.advanced/SearchApplication.aspx?id=686424
- council_reference: DA/292/2020
  description: Extensive alterations and additions to existing dwelling house, including
    extensive demolition and retention of some lower ground floor walls, lower ground
    floor extension, demolition of entire ground floor and roof, and construction
    of a new ground floor that extends out to the rear, addition of a pool and decking
    in the rear, excavation, landscaping and associated works.
  date_received: '2020-06-25'
  address: 38 Pauling Avenue COOGEE NSW 2034
  date_scraped: '2019-05-15'
  info_url: https://planning.randwick.nsw.gov.au/pages/xc.track.advanced/SearchApplication.aspx?id=686553
- council_reference: DA/293/2020
  description: Alterations and additions to rear of existing dwelling, including new
    elevator (lift) and in-ground swimming pool.
  date_received: '2020-06-26'
  address: 11 Mermaid Avenue MAROUBRA NSW 2035
  date_scraped: '2019-05-15'
  info_url: https://planning.randwick.nsw.gov.au/pages/xc.track.advanced/SearchApplication.aspx?id=686123
- council_reference: DA/294/2020
  description: Torrens title subdivision of existing dual occupancy into two lots.
  date_received: '2020-06-26'
  address: 122 Bilga Crescent MALABAR NSW 2036
  date_scraped: '2019-05-15'
  info_url: https://planning.randwick.nsw.gov.au/pages/xc.track.advanced/SearchApplication.aspx?id=686819
- council_reference: DA/295/2020
  description: Torrens title subdivision of existing dual occupancy into two lots.
  date_received: '2020-06-26'
  address: 11 Giles Street CHIFLEY NSW 2036
  date_scraped: '2019-05-15'
  info_url: https://planning.randwick.nsw.gov.au/pages/xc.track.advanced/SearchApplication.aspx?id=686820
- council_reference: DA/296/2020
  description: Demolition of the existing dwelling and the construction of a two storey
    dwelling with double garage and inground pool.
  date_received: '2020-06-26'
  address: 106 Macquarie Street CHIFLEY NSW 2036
  date_scraped: '2019-05-15'
  info_url: https://planning.randwick.nsw.gov.au/pages/xc.track.advanced/SearchApplication.aspx?id=686499
- council_reference: DA/297/2020
  description: Demolition of existing structures and construction of a four storey,
    86 room boarding house (including 1 on-site manager's room) with basement parking,
    tree removal, landscaping and associated works (variations to building height
    and FSR of the RLEP 2012).
  date_received: '2020-06-26'
  address: 9 Abbotford Street KENSINGTON NSW 2033
  date_scraped: '2019-05-15'
  info_url: https://planning.randwick.nsw.gov.au/pages/xc.track.advanced/SearchApplication.aspx?id=687030
- council_reference: DA/300/2020
  description: Alterations and additions to existing dwelling house including ground
    floor extension to the rear, reinstatement of ground floor veranda in the front,
    addition of a hardstand car parking space in the frontage, upgrades to front fence
    and pedestrian entrance, and associated works.
  date_received: '2020-06-29'
  address: 34 Greville Street CLOVELLY NSW 2031
  date_scraped: '2019-05-15'
  info_url: https://planning.randwick.nsw.gov.au/pages/xc.track.advanced/SearchApplication.aspx?id=687160
- council_reference: DA/301/2020
  description: Partial demolition of existing dwelling and construction of a 3 storey
    attached dual occupancy with double garages, landscaping and associated works.
  date_received: '2020-06-30'
  address: 43 Avoca Street RANDWICK NSW 2031
  date_scraped: '2019-05-15'
  info_url: https://planning.randwick.nsw.gov.au/pages/xc.track.advanced/SearchApplication.aspx?id=687349
- council_reference: DA/302/2020
  description: Alterations and additions to existing residential dwelling including
    rear extension to ground floor, first floor and attic, new dormer and internal
    alterations, and swimming pool (Heritage Item).
  date_received: '2020-06-30'
  address: 17 Oswald Street RANDWICK NSW 2031
  date_scraped: '2019-05-15'
  info_url: https://planning.randwick.nsw.gov.au/pages/xc.track.advanced/SearchApplication.aspx?id=686057
- council_reference: DA/303/2020
  description: Demolition of two existing buildings and structures; excavation below
    ground level for one level of basement car parking; construction of a three storey
    residential flat building, comprising 6 apartments 10 car parking spaces and 717.9sqm
    of GFA; site landscaping; vehicular access via Berwick Street and augmentation
    of services infrastructure and utilities (Variation to Height and GFA).
  date_received: '2020-06-30'
  address: 3 Berwick Street COOGEE NSW 2034
  date_scraped: '2019-05-15'
  info_url: https://planning.randwick.nsw.gov.au/pages/xc.track.advanced/SearchApplication.aspx?id=686219
- council_reference: DA/304/2020
  description: Construction of a detached single storey Secondary Dwelling at the
    rear, addition of a swimming pool, landscaping and associated works.
  date_received: '2020-06-30'
  address: 53 Eastern Avenue KINGSFORD NSW 2032
  date_scraped: '2019-05-15'
  info_url: https://planning.randwick.nsw.gov.au/pages/xc.track.advanced/SearchApplication.aspx?id=687592
- council_reference: DA/305/2020
  description: Change of use from a single dwelling house to an attached dual occupancy
    containing 2 dwellings (one dwelling above the other) including internal and external
    alterations and additions, extension towards the frontage and the rear at the
    ground floor with rear cabana, extended balcony at the first floor, changes to
    windows, addition of a hard stand car parking space for unit 2, new paving, landscaping
    and associated works.
  date_received: '2020-06-30'
  address: 32 Nix Avenue MALABAR NSW 2036
  date_scraped: '2019-05-15'
  info_url: https://planning.randwick.nsw.gov.au/pages/xc.track.advanced/SearchApplication.aspx?id=687602
- council_reference: DA/306/2020
  description: Demolition of existing carport and construction of a new double garage
    with first floor secondary dwelling on top with front and rear-facing balconies,
    addition of a first floor balcony to rear of existing semi-detached dwelling,
    new swimming pool, landscaping and associated works.
  date_received: '2020-06-30'
  address: 251 Rainbow Street SOUTH COOGEE NSW 2034
  date_scraped: '2019-05-15'
  info_url: https://planning.randwick.nsw.gov.au/pages/xc.track.advanced/SearchApplication.aspx?id=687593
- council_reference: DA/307/2020
  description: Alterations and additions to existing semi-detached dwelling including
    substantial demolition of existing walls and roof, construction of an integrated
    semi-basement single car garage in the frontage with terrace on top, ground floor
    extension to the rear, construction of a new first floor with courtyard at the
    first floor.
  date_received: '2020-06-30'
  address: 22 Chatham Street RANDWICK NSW 2031
  date_scraped: '2019-05-15'
  info_url: https://planning.randwick.nsw.gov.au/pages/xc.track.advanced/SearchApplication.aspx?id=687328
- council_reference: DA/308/2020
  description: Alterations and additions to the rear of existing dwelling house including
    extension of ground floor alfresco, extension of first floor, internal alterations
    and associated works.
  date_received: '2020-07-01'
  address: 59 Fairsky Street SOUTH COOGEE NSW 2034
  date_scraped: '2019-05-15'
  info_url: https://planning.randwick.nsw.gov.au/pages/xc.track.advanced/SearchApplication.aspx?id=687561
- council_reference: DA/309/2020
  description: Change of use from previous cafe to laundry cafe & associated uses
    including outdoor seating previously approved (Heritage Area & Item).
  date_received: '2020-07-02'
  address: 205 Avoca Street RANDWICK NSW 2031
  date_scraped: '2019-05-15'
  info_url: https://planning.randwick.nsw.gov.au/pages/xc.track.advanced/SearchApplication.aspx?id=688033
- council_reference: DA/310/2020
  description: Proposed Charcoal Grill to an existing restaurant with ducted exhaust
    to the roof above.
  date_received: '2020-07-02'
  address: 242 Coogee Bay Road COOGEE NSW 2034
  date_scraped: '2019-05-15'
  info_url: https://planning.randwick.nsw.gov.au/pages/xc.track.advanced/SearchApplication.aspx?id=687831
- council_reference: DA/311/2020
  description: Construction of an eighteen (18) storey mixed-use development comprising
    ground / first / second floor commercial and a boarding house comprising 399 boarding
    rooms and a manager’s room, basement parking, public plaza, pedestrian through-site
    links, signage, earthworks, landscaping and associated works (variations to building
    height and FSR standards of the RLEP 2012).
  date_received: '2020-07-03'
  address: 391-393 Anzac Parade KINGSFORD NSW 2032
  date_scraped: '2019-05-15'
  info_url: https://planning.randwick.nsw.gov.au/pages/xc.track.advanced/SearchApplication.aspx?id=687648
- council_reference: DA/312/2020
  description: Demolition to rear of dwelling and alterations to rear of semi detached
    dwelling, new basement garage, landscape works and tree removal from rear yard.
  date_received: '2020-07-03'
  address: 5 Quail Street COOGEE NSW 2034
  date_scraped: '2019-05-15'
  info_url: https://planning.randwick.nsw.gov.au/pages/xc.track.advanced/SearchApplication.aspx?id=688070
- council_reference: DA/313/2020
  description: Conversion of Company title to Strata Title of 16 lots.
  date_received: '2020-07-03'
  address: 322 Arden Street COOGEE NSW 2034
  date_scraped: '2019-05-15'
  info_url: https://planning.randwick.nsw.gov.au/pages/xc.track.advanced/SearchApplication.aspx?id=688270
- council_reference: DA/314/2020
  description: Torrens title subdivision of an approved attached dual occupancy into
    two allotments.
  date_received: '2020-07-03'
  address: 15 Solander Street MATRAVILLE NSW 2036
  date_scraped: '2019-05-15'
  info_url: https://planning.randwick.nsw.gov.au/pages/xc.track.advanced/SearchApplication.aspx?id=688289
- council_reference: DA/315/2020
  description: Demolition of existing structures and construction of a two-storey
    dwelling house with semi-basement, detached cabana and swimming pool at the rear,
    landscaping, fencing and associated works.
  date_received: '2020-07-06'
  address: 7 Inman Street MAROUBRA NSW 2035
  date_scraped: '2019-05-15'
  info_url: https://planning.randwick.nsw.gov.au/pages/xc.track.advanced/SearchApplication.aspx?id=688408
- council_reference: DA/316/2020
  description: Demolition of the existing dwelling and construction of 2 storey dwelling
    over basement parking and in-ground swimming pool.
  date_received: '2020-07-07'
  address: 3 Ron Filbee Place MAROUBRA NSW 2035
  date_scraped: '2019-05-15'
  info_url: https://planning.randwick.nsw.gov.au/pages/xc.track.advanced/SearchApplication.aspx?id=688705
- council_reference: DA/317/2020
  description: Alterations and additions to existing residential dwelling including
    extension of rear deck, partial demolition of roof for proposed study and terrace.
  date_received: '2020-07-07'
  address: 7 Varna Street CLOVELLY NSW 2031
  date_scraped: '2019-05-15'
  info_url: https://planning.randwick.nsw.gov.au/pages/xc.track.advanced/SearchApplication.aspx?id=688551
- council_reference: DA/318/2020
  description: Demolition of existing structures and construction of a two storey
    attached dual occupancy, landscaping and associated works.
  date_received: '2020-07-08'
  address: 8 Flinders Street MATRAVILLE NSW 2036
  date_scraped: '2019-05-15'
  info_url: https://planning.randwick.nsw.gov.au/pages/xc.track.advanced/SearchApplication.aspx?id=688918
- council_reference: DA/319/2020
  description: Alterations and additions to existing dwelling house, including ground
    floor extension to the rear with deck, new first floor addition, landscaping and
    associated works.
  date_received: '2020-07-08'
  address: 43 Alma Road MAROUBRA NSW 2035
  date_scraped: '2019-05-15'
  info_url: https://planning.randwick.nsw.gov.au/pages/xc.track.advanced/SearchApplication.aspx?id=688958
- council_reference: DA/320/2020
  description: 'Demolition of the existing dwelling house, attached garage and removal
    of all existing trees for the construction of an attached Dual Occupancy (variation
    to floor space ratio) - NSW Planning Portal Ref: PAN-19806.'
  date_received: '2020-07-09'
  address: 27 Adams Avenue MALABAR NSW 2036
  date_scraped: '2019-05-15'
  info_url: https://planning.randwick.nsw.gov.au/pages/xc.track.advanced/SearchApplication.aspx?id=689065
- council_reference: DA/321/2020
  description: 'Detached extension to the dwelling (Heritage Conservation Area) -
    NSW Planning Portal Ref: PAN-20288.'
  date_received: '2020-07-09'
  address: 7 Dine Street RANDWICK NSW 2031
  date_scraped: '2019-05-15'
  info_url: https://planning.randwick.nsw.gov.au/pages/xc.track.advanced/SearchApplication.aspx?id=689120
- council_reference: DA/405/2019/A
  description: 'S4.55(1) modification to correct error. Original consent: Alterations
    and new upper level additions to the existing dwelling house and outbuilding including
    conversion of the outbuilding into a secondary dwelling, associated site and landscaped
    works.'
  date_received: '2020-06-30'
  address: 19 Keith Street CLOVELLY NSW 2031
  date_scraped: '2019-05-15'
  info_url: https://planning.randwick.nsw.gov.au/pages/xc.track.advanced/SearchApplication.aspx?id=687647
- council_reference: DA/502/2017/B
  description: 'Section 4.55(2) - modification to approved development for minor changes
    to usable spaces including balcony areas. Original Consent: Demolition of existing
    structures, construction of part 3, part 4 storey residential flat building containing
    16 dwellings, basement parking for 22 cars, landscaping and associated works (variation
    to height control).'
  date_received: '2020-07-08'
  address: 149-151 Malabar Road SOUTH COOGEE NSW 2034
  date_scraped: '2019-05-15'
  info_url: https://planning.randwick.nsw.gov.au/pages/xc.track.advanced/SearchApplication.aspx?id=689088
- council_reference: DA/557/2019/A
  description: 'Section 4.55 modification of approved development including extension
    of level 1, reconfiguration of rooms and walls, addition of and alterations to
    windows, removal of water feature, changes to façade, addition of landscape planter,
    addition of and alterations to skylights and associated works. Original Consent:
    Alterations and additions to existing residential dwelling, including reconfiguration
    of all levels, swimming pool and associated landscape works (variation to height
    control).'
  date_received: '2020-07-06'
  address: 26 Hamilton Street COOGEE NSW 2034
  date_scraped: '2019-05-15'
  info_url: https://planning.randwick.nsw.gov.au/pages/xc.track.advanced/SearchApplication.aspx?id=688483
- council_reference: DA/656/2013/B
  description: 'Section 4.55 modification of approved development to add a bathroom
    within the attic space above Unit 4. Original Consent: Alterations and additions
    to the existing residential flat building to install attic rooms in the roof space
    over units 3 & 4 each with new gable ended dormer windows.'
  date_received: '2020-07-07'
  address: 3/116 Carrington Road RANDWICK NSW 2031
  date_scraped: '2019-05-15'
  info_url: https://planning.randwick.nsw.gov.au/pages/xc.track.advanced/SearchApplication.aspx?id=688831
- council_reference: DA/657/2018/A
  description: 'Section 4.55(2) modification to approved development to delete Condition
    2(b) which requires a glass balustrade to balcony above the garage; alter privacy
    screening along the eastern elevation and installation of front fence and gate.
    Original Consent: Demolition of existing structures, construction of 2 storey
    dwelling with garage to front, swimming pool to rear, landscaping and associated
    works.'
  date_received: '2020-06-25'
  address: 27 Battery Street CLOVELLY NSW 2031
  date_scraped: '2019-05-15'
  info_url: https://planning.randwick.nsw.gov.au/pages/xc.track.advanced/SearchApplication.aspx?id=686575
- council_reference: DA/76/2020/A
  description: 'S4.55(1) Modification to correct error. Original consent: Alterations
    and additions to the Royal Randwick Shopping Centre, including upgrade works to
    the northern and southern pedestrian entrances on Belmore Road and pedestrian
    entrance on Avoca Street, including upgrade works to the car park entrance and
    loading dock on Avoca Street, directional signage, murals and associated works.'
  date_received: '2020-06-29'
  address: 73-109 Belmore Road RANDWICK NSW 2031
  date_scraped: '2019-05-15'
  info_url: https://planning.randwick.nsw.gov.au/pages/xc.track.advanced/SearchApplication.aspx?id=687345
- council_reference: DA/883/2010/B
  description: 'Section 4.55 modification of approved development for the relocation
    of the kitchen and the bar to the rear of the existing restaurant, rearrangement
    of seating, and addition of a new kitchen exhausts. Original Consent: Application
    to extend the existing restaurant with hours of operation 10am to 10pm 7 days
    into the adjoining tenancy to increase the seating capacity to 294 patrons, internal
    fit-out, new shopfronts and new signage.'
  date_received: '2020-07-07'
  address: 238-240 Coogee Bay Road COOGEE NSW 2034
  date_scraped: '2019-05-15'
  info_url: https://planning.randwick.nsw.gov.au/pages/xc.track.advanced/SearchApplication.aspx?id=688749
- council_reference: DA/94/2016/A
  description: 'Modification of the approved development to remove condition 51, requiring
    the existing overhead power feed from the distribution pole to be relocated underground
    via a ugoh connection. Original consent: Demolition of existing structures, construction
    of two storey attached dual occupancy with garages and associated works.'
  date_received: '2020-06-30'
  address: 56-56A Mawson Parade CHIFLEY NSW 2036
  date_scraped: '2019-05-15'
  info_url: https://planning.randwick.nsw.gov.au/pages/xc.track.advanced/SearchApplication.aspx?id=687458
- council_reference: DA/963/2018/A
  description: 'Section 4.55 modification to approved development for the replacement
    of the existing cental mechanical exhaust. Original Consent: Refurbishment of
    internal and external areas at lower ground, ground and first floor level including
    level pool area and new awning along Arden Street & Carr Street (Clause 4.6 variation
    to FSR).'
  date_received: '2020-06-30'
  address: 238-246 Arden Street COOGEE NSW 2034
  date_scraped: '2019-05-15'
  info_url: https://planning.randwick.nsw.gov.au/pages/xc.track.advanced/SearchApplication.aspx?id=687501
