---
- council_reference: '031.2017.00000476.001 '
  description: Development Permit for Reconfiguration of a Lot - One (1) Lot into
    Two (2) Lots and Access Easement
  date_received: '2019-07-23'
  address: 387 Riordanvale Road, RIORDANVALE QLD 4800
  date_scraped: '2019-05-15'
  info_url: 'http://eplanning.whitsundayrc.qld.gov.au/Pages/XC.Track/SearchApplication.aspx?id=031.2017.00000476.001 '
- council_reference: '031.2019.00000783.001 '
  description: Development Permit for Operational Works - Minor Infrastructure Item
    (existing sewer manhole)
  date_received: '2019-07-26'
  address: 112 Shute Harbour Road, CANNONVALE QLD 4802
  date_scraped: '2019-05-15'
  info_url: 'http://eplanning.whitsundayrc.qld.gov.au/Pages/XC.Track/SearchApplication.aspx?id=031.2019.00000783.001 '
- council_reference: '031.2019.00000811.001 '
  description: Development Permit for Reconfiguration of a Lot - Boundary Realignment
  date_received: '2019-07-11'
  address: 21 - 23 Marathon Street, PROSERPINE QLD 4800
  date_scraped: '2019-05-15'
  info_url: 'http://eplanning.whitsundayrc.qld.gov.au/Pages/XC.Track/SearchApplication.aspx?id=031.2019.00000811.001 '
- council_reference: '031.2019.00000812.001 '
  description: Development Permit for Operational Works - Pylon Sign (Advertising
    Device)
  date_received: '2019-07-16'
  address: 98 Herbert Street, BOWEN QLD 4805
  date_scraped: '2019-05-15'
  info_url: 'http://eplanning.whitsundayrc.qld.gov.au/Pages/XC.Track/SearchApplication.aspx?id=031.2019.00000812.001 '
- council_reference: '031.2019.00000824.001 '
  description: Development Permit for Operational Works - Driveway Access and Stormwater
    Drainage
  date_received: '2019-07-19'
  address: 12 Airlie Esplanade, AIRLIE BEACH QLD 4802
  date_scraped: '2019-05-15'
  info_url: 'http://eplanning.whitsundayrc.qld.gov.au/Pages/XC.Track/SearchApplication.aspx?id=031.2019.00000824.001 '
- council_reference: '031.2019.00000825.001 '
  description: Development Permit for Operational Works - Roadworks, Access & Parking,
    Stormwater and Erosion & Sediment Control
  date_received: '2019-07-19'
  address: 44 George Street, BOWEN QLD 4805
  date_scraped: '2019-05-15'
  info_url: 'http://eplanning.whitsundayrc.qld.gov.au/Pages/XC.Track/SearchApplication.aspx?id=031.2019.00000825.001 '
- council_reference: '031.2019.00000830.001 '
  description: Development Permit for Operational Works - Earthworks
  date_received: '2019-07-23'
  address: Africandar Road, BOWEN QLD 4805
  date_scraped: '2019-05-15'
  info_url: 'http://eplanning.whitsundayrc.qld.gov.au/Pages/XC.Track/SearchApplication.aspx?id=031.2019.00000830.001 '
- council_reference: '031.2019.00000838.001 '
  description: Development Approval for Material Change of Use - Service Station;
    and Operational Works
  date_received: '2019-07-24'
  address: 3 - 5 Horsford Place, PROSERPINE QLD 4800
  date_scraped: '2019-05-15'
  info_url: 'http://eplanning.whitsundayrc.qld.gov.au/Pages/XC.Track/SearchApplication.aspx?id=031.2019.00000838.001 '
- council_reference: '031.2019.00000852.001 '
  description: Development Permit for Operational Works - Roadworks and Earthworks
  date_received: '2019-07-25'
  address: 40 West Lane, BOWEN QLD 4805
  date_scraped: '2019-05-15'
  info_url: 'http://eplanning.whitsundayrc.qld.gov.au/Pages/XC.Track/SearchApplication.aspx?id=031.2019.00000852.001 '
